2025-12-19 07:45:01: Server: SSH-2.0-OpenSSH_9.6p1 Ubuntu-3ubuntu13.14
2025-12-19 07:45:01: Server KEXes: sntrup761x25519-sha512@openssh.com,curve25519-sha256,curve25519-sha256@libssh.org,ecdh-sha2-nistp256,ecdh-sha2-nistp384,ecdh-sha2-nistp521,diffie-hellman-group-exchange-sha256,diffie-hellman-group16-sha512,diffie-hellman-group18-sha512,diffie-hellman-group14-sha256,ext-info-s,kex-strict-s-v00@openssh.com
2025-12-19 07:45:01: Server Host Keys: rsa-sha2-512,rsa-sha2-256,ecdsa-sha2-nistp256,ssh-ed25519
2025-12-19 07:45:01: Chosen Host Key: ssh-ed25519
2025-12-19 07:45:01: Ciphers: chacha20-poly1305@openssh.com,aes128-ctr,aes192-ctr,aes256-ctr,aes128-gcm@openssh.com,aes256-gcm@openssh.com
2025-12-19 07:45:01: MACs: umac-64-etm@openssh.com,umac-128-etm@openssh.com,hmac-sha2-256-etm@openssh.com,hmac-sha2-512-etm@openssh.com,hmac-sha1-etm@openssh.com,umac-64@openssh.com,umac-128@openssh.com,hmac-sha2-256,hmac-sha2-512,hmac-sha1
2025-12-19 07:45:01: Auth: start: publickey
2025-12-19 07:45:01: Auth: publickey: no keys available
2025-12-19 07:45:01: Auth: start: password
2025-12-19 07:45:02: -- Analysis Started by On File Change, After Delay
2025-12-19 07:45:03: /.git: Conflict: File Modified on Both Sides
2025-12-19 07:45:03: /.git/objects: Conflict: File Modified on Both Sides
2025-12-19 07:45:03: /.git/FETCH_HEAD: L:TimeSize<>; Parent folder conflict propagated down to children
2025-12-19 07:45:03: Analyze has finished with Conflicts. Resolve Conflicts by selecting the correct sync direction, then click Sync
2025-12-19 07:45:03: Changes: 1 (3), Conflicts: 2, CopyTime: 0, FixState: 0, Errors: 0, All: 2661
2025-12-19 07:45:03: Left to Right: Copy File: 1 
2025-12-19 07:45:03: == Sync Started by On File Change, After Delay
2025-12-19 07:45:03: Start only 1 threads, limited by tasks to run
2025-12-19 07:45:03: Copy Over 'C:/Users/grabacr/VPSsync/01-WorkspaceSync/modelica-shared/CustomLib/WalkingInWorldOfThermoFluid/.git/FETCH_HEAD' -> 'sftp://os3-310-44666.vs.sakura.ne.jp/home/ubuntu/VPSsync/01-WorkspaceSync/modelica-shared/CustomLib/WalkingInWorldOfThermoFluid/.git/FETCH_HEAD' (122)
2025-12-19 07:45:03: Save State File C:/Users/grabacr/VPSsync/01-WorkspaceSync/modelica-shared/CustomLib/WalkingInWorldOfThermoFluid/_gsdata_/_file_state_v4._gs
2025-12-19 07:45:04: Save State File sftp://os3-310-44666.vs.sakura.ne.jp/home/ubuntu/VPSsync/01-WorkspaceSync/modelica-shared/CustomLib/WalkingInWorldOfThermoFluid/_gsdata_/_file_state_v4._gs
2025-12-19 07:45:04: Deleted Recycled: sftp://os3-310-44666.vs.sakura.ne.jp/home/ubuntu/VPSsync/01-WorkspaceSync/modelica-shared/CustomLib/WalkingInWorldOfThermoFluid/_gsdata_/_saved_/.git/objects/13/5f832e939cc6f9d8fa6d80804eddde23ee1ecf
2025-12-19 07:45:04: Deleted Recycled: sftp://os3-310-44666.vs.sakura.ne.jp/home/ubuntu/VPSsync/01-WorkspaceSync/modelica-shared/CustomLib/WalkingInWorldOfThermoFluid/_gsdata_/_saved_/.git/objects/1a/565feaa25689e1bfc44a079bea1150c880e0cf
2025-12-19 07:45:04: Deleted Recycled: sftp://os3-310-44666.vs.sakura.ne.jp/home/ubuntu/VPSsync/01-WorkspaceSync/modelica-shared/CustomLib/WalkingInWorldOfThermoFluid/_gsdata_/_saved_/.git/objects/55/6a12b0f5cdd490636a2a02c8f8de7d34d07df3
2025-12-19 07:45:04: Deleted Recycled: sftp://os3-310-44666.vs.sakura.ne.jp/home/ubuntu/VPSsync/01-WorkspaceSync/modelica-shared/CustomLib/WalkingInWorldOfThermoFluid/_gsdata_/_saved_/.git/objects/58/1a2af57b7829efebf5bc7d758eec0293f86bb8
2025-12-19 07:45:04: Deleted Recycled: sftp://os3-310-44666.vs.sakura.ne.jp/home/ubuntu/VPSsync/01-WorkspaceSync/modelica-shared/CustomLib/WalkingInWorldOfThermoFluid/_gsdata_/_saved_/.git/objects/5c/f9895ea6f31da3e8c9b92c5ed06e5d43a75587
2025-12-19 07:45:04: Deleted Recycled: sftp://os3-310-44666.vs.sakura.ne.jp/home/ubuntu/VPSsync/01-WorkspaceSync/modelica-shared/CustomLib/WalkingInWorldOfThermoFluid/_gsdata_/_saved_/.git/objects/5f/321c321775887559ef8aa1d2727e6ebdd5ee99
2025-12-19 07:45:04: Deleted Recycled: sftp://os3-310-44666.vs.sakura.ne.jp/home/ubuntu/VPSsync/01-WorkspaceSync/modelica-shared/CustomLib/WalkingInWorldOfThermoFluid/_gsdata_/_saved_/.git/objects/62/b53bc9ea872e49bb3a85c9cef6de7b7808a04d
2025-12-19 07:45:04: Deleted Recycled: sftp://os3-310-44666.vs.sakura.ne.jp/home/ubuntu/VPSsync/01-WorkspaceSync/modelica-shared/CustomLib/WalkingInWorldOfThermoFluid/_gsdata_/_saved_/.git/objects/73/203960b62ad29a7ee91be27f947c97d0b161fd
2025-12-19 07:45:04: Deleted Recycled: sftp://os3-310-44666.vs.sakura.ne.jp/home/ubuntu/VPSsync/01-WorkspaceSync/modelica-shared/CustomLib/WalkingInWorldOfThermoFluid/_gsdata_/_saved_/.git/objects/87/7ae2f355e692a31844af7a09c7e1b33ef62394
2025-12-19 07:45:04: Deleted Recycled: sftp://os3-310-44666.vs.sakura.ne.jp/home/ubuntu/VPSsync/01-WorkspaceSync/modelica-shared/CustomLib/WalkingInWorldOfThermoFluid/_gsdata_/_saved_/.git/objects/89/99f5f825029527a2101f1b7576dbbb288d40f0
2025-12-19 07:45:04: Deleted Recycled: sftp://os3-310-44666.vs.sakura.ne.jp/home/ubuntu/VPSsync/01-WorkspaceSync/modelica-shared/CustomLib/WalkingInWorldOfThermoFluid/_gsdata_/_saved_/.git/objects/89/a76f859df8a786336483370b78a712fc6e79cc
2025-12-19 07:45:05: Deleted Recycled: sftp://os3-310-44666.vs.sakura.ne.jp/home/ubuntu/VPSsync/01-WorkspaceSync/modelica-shared/CustomLib/WalkingInWorldOfThermoFluid/_gsdata_/_saved_/.git/objects/d9/bcd0c6918d4b4e302ec5e34d1660dd8210d323
2025-12-19 07:45:05: Deleted Recycled: sftp://os3-310-44666.vs.sakura.ne.jp/home/ubuntu/VPSsync/01-WorkspaceSync/modelica-shared/CustomLib/WalkingInWorldOfThermoFluid/_gsdata_/_saved_/.git/objects/e2/c431fd1686f96468a72886c99b9cd28ca14849
2025-12-19 07:45:07: GsDeleteEmptyFoldersFS: /_gsdata_/_saved_/.git/objects/89
2025-12-19 07:45:07: GsDeleteEmptyFoldersFS: /_gsdata_/_saved_/.git/objects/1a
2025-12-19 07:45:08: GsDeleteEmptyFoldersFS: /_gsdata_/_saved_/.git/objects/62
2025-12-19 07:45:08: GsDeleteEmptyFoldersFS: /_gsdata_/_saved_/.git/objects/d9
2025-12-19 07:45:09: GsDeleteEmptyFoldersFS: /_gsdata_/_saved_/.git/objects/5c
2025-12-19 07:45:09: GsDeleteEmptyFoldersFS: /_gsdata_/_saved_/.git/objects/73
2025-12-19 07:45:09: GsDeleteEmptyFoldersFS: /_gsdata_/_saved_/.git/objects/5f
2025-12-19 07:45:10: GsDeleteEmptyFoldersFS: /_gsdata_/_saved_/.git/objects/13
2025-12-19 07:45:10: GsDeleteEmptyFoldersFS: /_gsdata_/_saved_/.git/objects/e2
2025-12-19 07:45:10: GsDeleteEmptyFoldersFS: /_gsdata_/_saved_/.git/objects/55
2025-12-19 07:45:10: GsDeleteEmptyFoldersFS: /_gsdata_/_saved_/.git/objects/87
2025-12-19 07:45:11: GsDeleteEmptyFoldersFS: /_gsdata_/_saved_/.git/objects/58
2025-12-19 07:45:12: == Sync Complete. Time: 00:00:09, Speed: 0.00/s, OK: 1, Errors: 0
