2026-07-07 06:19:54: Server: SSH-2.0-OpenSSH_9.6p1 Ubuntu-3ubuntu13.16
2026-07-07 06:19:54: Server KEXes: sntrup761x25519-sha512@openssh.com,curve25519-sha256,curve25519-sha256@libssh.org,ecdh-sha2-nistp256,ecdh-sha2-nistp384,ecdh-sha2-nistp521,diffie-hellman-group-exchange-sha256,diffie-hellman-group16-sha512,diffie-hellman-group18-sha512,diffie-hellman-group14-sha256,ext-info-s,kex-strict-s-v00@openssh.com
2026-07-07 06:19:54: Server Host Keys: rsa-sha2-512,rsa-sha2-256,ecdsa-sha2-nistp256,ssh-ed25519
2026-07-07 06:19:54: Chosen Host Key: ssh-ed25519
2026-07-07 06:19:54: Ciphers: chacha20-poly1305@openssh.com,aes128-ctr,aes192-ctr,aes256-ctr,aes128-gcm@openssh.com,aes256-gcm@openssh.com
2026-07-07 06:19:54: MACs: umac-64-etm@openssh.com,umac-128-etm@openssh.com,hmac-sha2-256-etm@openssh.com,hmac-sha2-512-etm@openssh.com,hmac-sha1-etm@openssh.com,umac-64@openssh.com,umac-128@openssh.com,hmac-sha2-256,hmac-sha2-512,hmac-sha1
2026-07-07 06:19:54: Server ext-info: publickey-hostbound@openssh.com: 0
2026-07-07 06:19:54: Server ext-info: server-sig-algs: ssh-ed25519,ecdsa-sha2-nistp256,ecdsa-sha2-nistp384,ecdsa-sha2-nistp521,sk-ssh-ed25519@openssh.com,sk-ecdsa-sha2-nistp256@openssh.com,rsa-sha2-512,rsa-sha2-256
2026-07-07 06:19:54: Server ext-info: ping@openssh.com: 0
2026-07-07 06:19:54: Auth: start: publickey
2026-07-07 06:19:54: Auth: publickey: no keys available
2026-07-07 06:19:54: Auth: start: password
2026-07-07 06:19:55: -- Analysis Started by Periodic Timer
2026-07-07 06:19:55: L: Reading State File C:/Users/grabacr/VPSsync/01-WorkspaceSync/modelica-shared/CustomLib/WalkingInWorldOfThermoFluid/_gsdata_/_file_state_v4._gs
2026-07-07 06:19:55: R: Reading State File sftp://os3-310-44666.vs.sakura.ne.jp/home/ubuntu/VPSsync/01-WorkspaceSync/modelica-shared/CustomLib/WalkingInWorldOfThermoFluid/_gsdata_/_file_state_v4._gs
2026-07-07 06:19:55: Not using/deleting cached state file, because remote state file has changed since last Sync:
State file: sftp://os3-310-44666.vs.sakura.ne.jp/home/ubuntu/VPSsync/01-WorkspaceSync/modelica-shared/CustomLib/WalkingInWorldOfThermoFluid/_gsdata_/_file_state_v4._gs
name= folder=0 link=0 file=1 attrs=800001B4 size=214229 mod-time=2026-07-06 12:44:31 cre-time=2026-07-06 12:44:31 ab=0 ckt=0 cks= dsply= cmnt= != 
name= folder=0 link=0 file=1 attrs=800001B4 size=214519 mod-time=2026-07-06 06:40:28 cre-time=2026-07-06 06:40:28 ab=0 ckt=0 cks= dsply= cmnt=
2026-07-07 06:20:23: Changes: 0, Conflicts: 0, CopyTime: 0, FixState: 1, Errors: 0, All: 4138
2026-07-07 06:20:23: == Sync Started by Periodic Timer
2026-07-07 06:20:23: Start only 0 threads, limited by tasks to run
2026-07-07 06:20:23: Save State File C:/Users/grabacr/VPSsync/01-WorkspaceSync/modelica-shared/CustomLib/WalkingInWorldOfThermoFluid/_gsdata_/_file_state_v4._gs
2026-07-07 06:20:24: Save State File sftp://os3-310-44666.vs.sakura.ne.jp/home/ubuntu/VPSsync/01-WorkspaceSync/modelica-shared/CustomLib/WalkingInWorldOfThermoFluid/_gsdata_/_file_state_v4._gs
2026-07-07 06:20:28: == Sync Complete. Time: 00:00:05, Speed: 0.00/s, OK: 1, Errors: 0
