2026-06-30 07:05:32: Server: SSH-2.0-OpenSSH_9.6p1 Ubuntu-3ubuntu13.16
2026-06-30 07:05:32: Server KEXes: sntrup761x25519-sha512@openssh.com,curve25519-sha256,curve25519-sha256@libssh.org,ecdh-sha2-nistp256,ecdh-sha2-nistp384,ecdh-sha2-nistp521,diffie-hellman-group-exchange-sha256,diffie-hellman-group16-sha512,diffie-hellman-group18-sha512,diffie-hellman-group14-sha256,ext-info-s,kex-strict-s-v00@openssh.com
2026-06-30 07:05:32: Server Host Keys: rsa-sha2-512,rsa-sha2-256,ecdsa-sha2-nistp256,ssh-ed25519
2026-06-30 07:05:32: Chosen Host Key: ssh-ed25519
2026-06-30 07:05:32: Ciphers: chacha20-poly1305@openssh.com,aes128-ctr,aes192-ctr,aes256-ctr,aes128-gcm@openssh.com,aes256-gcm@openssh.com
2026-06-30 07:05:32: MACs: umac-64-etm@openssh.com,umac-128-etm@openssh.com,hmac-sha2-256-etm@openssh.com,hmac-sha2-512-etm@openssh.com,hmac-sha1-etm@openssh.com,umac-64@openssh.com,umac-128@openssh.com,hmac-sha2-256,hmac-sha2-512,hmac-sha1
2026-06-30 07:05:32: Server ext-info: publickey-hostbound@openssh.com: 0
2026-06-30 07:05:32: Server ext-info: server-sig-algs: ssh-ed25519,ecdsa-sha2-nistp256,ecdsa-sha2-nistp384,ecdsa-sha2-nistp521,sk-ssh-ed25519@openssh.com,sk-ecdsa-sha2-nistp256@openssh.com,rsa-sha2-512,rsa-sha2-256
2026-06-30 07:05:32: Server ext-info: ping@openssh.com: 0
2026-06-30 07:05:32: Auth: start: publickey
2026-06-30 07:05:32: Auth: publickey: no keys available
2026-06-30 07:05:32: Auth: start: password
2026-06-30 07:05:33: -- Analysis Started by On File Change, After Delay
2026-06-30 07:05:34: Changes: 107, Conflicts: 0, CopyTime: 0, FixState: 0, Errors: 0, All: 3981
2026-06-30 07:05:34: Left to Right: Copy File: 107 
2026-06-30 07:05:34: == Sync Started by On File Change, After Delay
2026-06-30 07:05:34: ConnectCloned connected to file:///~grabacr/VPSsync/01-WorkspaceSync/modelica-shared/CustomLib/WalkingInWorldOfThermoFluid
2026-06-30 07:05:34: ConnectCloned connected to file:///~grabacr/VPSsync/01-WorkspaceSync/modelica-shared/CustomLib/WalkingInWorldOfThermoFluid
2026-06-30 07:05:34: ConnectCloned connected to file:///~grabacr/VPSsync/01-WorkspaceSync/modelica-shared/CustomLib/WalkingInWorldOfThermoFluid
2026-06-30 07:05:34: Server: SSH-2.0-OpenSSH_9.6p1 Ubuntu-3ubuntu13.16
2026-06-30 07:05:34: Server: SSH-2.0-OpenSSH_9.6p1 Ubuntu-3ubuntu13.16
2026-06-30 07:05:34: Server: SSH-2.0-OpenSSH_9.6p1 Ubuntu-3ubuntu13.16
2026-06-30 07:05:34: Server KEXes: sntrup761x25519-sha512@openssh.com,curve25519-sha256,curve25519-sha256@libssh.org,ecdh-sha2-nistp256,ecdh-sha2-nistp384,ecdh-sha2-nistp521,diffie-hellman-group-exchange-sha256,diffie-hellman-group16-sha512,diffie-hellman-group18-sha512,diffie-hellman-group14-sha256,ext-info-s,kex-strict-s-v00@openssh.com
2026-06-30 07:05:34: Server Host Keys: rsa-sha2-512,rsa-sha2-256,ecdsa-sha2-nistp256,ssh-ed25519
2026-06-30 07:05:34: Chosen Host Key: ssh-ed25519
2026-06-30 07:05:34: Ciphers: chacha20-poly1305@openssh.com,aes128-ctr,aes192-ctr,aes256-ctr,aes128-gcm@openssh.com,aes256-gcm@openssh.com
2026-06-30 07:05:34: MACs: umac-64-etm@openssh.com,umac-128-etm@openssh.com,hmac-sha2-256-etm@openssh.com,hmac-sha2-512-etm@openssh.com,hmac-sha1-etm@openssh.com,umac-64@openssh.com,umac-128@openssh.com,hmac-sha2-256,hmac-sha2-512,hmac-sha1
2026-06-30 07:05:34: Server KEXes: sntrup761x25519-sha512@openssh.com,curve25519-sha256,curve25519-sha256@libssh.org,ecdh-sha2-nistp256,ecdh-sha2-nistp384,ecdh-sha2-nistp521,diffie-hellman-group-exchange-sha256,diffie-hellman-group16-sha512,diffie-hellman-group18-sha512,diffie-hellman-group14-sha256,ext-info-s,kex-strict-s-v00@openssh.com
2026-06-30 07:05:34: Server Host Keys: rsa-sha2-512,rsa-sha2-256,ecdsa-sha2-nistp256,ssh-ed25519
2026-06-30 07:05:34: Chosen Host Key: ssh-ed25519
2026-06-30 07:05:34: Ciphers: chacha20-poly1305@openssh.com,aes128-ctr,aes192-ctr,aes256-ctr,aes128-gcm@openssh.com,aes256-gcm@openssh.com
2026-06-30 07:05:34: MACs: umac-64-etm@openssh.com,umac-128-etm@openssh.com,hmac-sha2-256-etm@openssh.com,hmac-sha2-512-etm@openssh.com,hmac-sha1-etm@openssh.com,umac-64@openssh.com,umac-128@openssh.com,hmac-sha2-256,hmac-sha2-512,hmac-sha1
2026-06-30 07:05:34: Server KEXes: sntrup761x25519-sha512@openssh.com,curve25519-sha256,curve25519-sha256@libssh.org,ecdh-sha2-nistp256,ecdh-sha2-nistp384,ecdh-sha2-nistp521,diffie-hellman-group-exchange-sha256,diffie-hellman-group16-sha512,diffie-hellman-group18-sha512,diffie-hellman-group14-sha256,ext-info-s,kex-strict-s-v00@openssh.com
2026-06-30 07:05:34: Server Host Keys: rsa-sha2-512,rsa-sha2-256,ecdsa-sha2-nistp256,ssh-ed25519
2026-06-30 07:05:34: Chosen Host Key: ssh-ed25519
2026-06-30 07:05:34: Ciphers: chacha20-poly1305@openssh.com,aes128-ctr,aes192-ctr,aes256-ctr,aes128-gcm@openssh.com,aes256-gcm@openssh.com
2026-06-30 07:05:34: MACs: umac-64-etm@openssh.com,umac-128-etm@openssh.com,hmac-sha2-256-etm@openssh.com,hmac-sha2-512-etm@openssh.com,hmac-sha1-etm@openssh.com,umac-64@openssh.com,umac-128@openssh.com,hmac-sha2-256,hmac-sha2-512,hmac-sha1
2026-06-30 07:05:34: Server ext-info: publickey-hostbound@openssh.com: 0
2026-06-30 07:05:34: Server ext-info: server-sig-algs: ssh-ed25519,ecdsa-sha2-nistp256,ecdsa-sha2-nistp384,ecdsa-sha2-nistp521,sk-ssh-ed25519@openssh.com,sk-ecdsa-sha2-nistp256@openssh.com,rsa-sha2-512,rsa-sha2-256
2026-06-30 07:05:34: Server ext-info: ping@openssh.com: 0
2026-06-30 07:05:34: Server ext-info: publickey-hostbound@openssh.com: 0
2026-06-30 07:05:34: Server ext-info: server-sig-algs: ssh-ed25519,ecdsa-sha2-nistp256,ecdsa-sha2-nistp384,ecdsa-sha2-nistp521,sk-ssh-ed25519@openssh.com,sk-ecdsa-sha2-nistp256@openssh.com,rsa-sha2-512,rsa-sha2-256
2026-06-30 07:05:34: Server ext-info: ping@openssh.com: 0
2026-06-30 07:05:34: Server ext-info: publickey-hostbound@openssh.com: 0
2026-06-30 07:05:34: Server ext-info: server-sig-algs: ssh-ed25519,ecdsa-sha2-nistp256,ecdsa-sha2-nistp384,ecdsa-sha2-nistp521,sk-ssh-ed25519@openssh.com,sk-ecdsa-sha2-nistp256@openssh.com,rsa-sha2-512,rsa-sha2-256
2026-06-30 07:05:34: Server ext-info: ping@openssh.com: 0
2026-06-30 07:05:34: Auth: start: publickey
2026-06-30 07:05:34: Auth: publickey: no keys available
2026-06-30 07:05:34: Auth: start: password
2026-06-30 07:05:34: Auth: start: publickey
2026-06-30 07:05:34: Auth: start: publickey
2026-06-30 07:05:34: Auth: publickey: no keys available
2026-06-30 07:05:34: Auth: start: password
2026-06-30 07:05:34: Auth: publickey: no keys available
2026-06-30 07:05:34: Auth: start: password
2026-06-30 07:05:35: GsConnectAndSetRoot1 connected to sftp://os3-310-44666.vs.sakura.ne.jp/home/ubuntu/VPSsync/01-WorkspaceSync/modelica-shared/CustomLib/WalkingInWorldOfThermoFluid
2026-06-30 07:05:35: GsConnectAndSetRoot1 connected to sftp://os3-310-44666.vs.sakura.ne.jp/home/ubuntu/VPSsync/01-WorkspaceSync/modelica-shared/CustomLib/WalkingInWorldOfThermoFluid
2026-06-30 07:05:35: GsConnectAndSetRoot1 connected to sftp://os3-310-44666.vs.sakura.ne.jp/home/ubuntu/VPSsync/01-WorkspaceSync/modelica-shared/CustomLib/WalkingInWorldOfThermoFluid
2026-06-30 07:05:36: Copy New 'C:/Users/grabacr/VPSsync/01-WorkspaceSync/modelica-shared/CustomLib/WalkingInWorldOfThermoFluid/.git/objects/00/e629e782dbb9b1cf1c31dbab6caa5efa1f978d' -> 'sftp://os3-310-44666.vs.sakura.ne.jp/home/ubuntu/VPSsync/01-WorkspaceSync/modelica-shared/CustomLib/WalkingInWorldOfThermoFluid/.git/objects/00/e629e782dbb9b1cf1c31dbab6caa5efa1f978d' (761)
2026-06-30 07:05:36: Copy New 'C:/Users/grabacr/VPSsync/01-WorkspaceSync/modelica-shared/CustomLib/WalkingInWorldOfThermoFluid/.git/objects/02/a9191784eb2671da71fc98df110dc40e971afc' -> 'sftp://os3-310-44666.vs.sakura.ne.jp/home/ubuntu/VPSsync/01-WorkspaceSync/modelica-shared/CustomLib/WalkingInWorldOfThermoFluid/.git/objects/02/a9191784eb2671da71fc98df110dc40e971afc' (870)
2026-06-30 07:05:36: Copy Over 'C:/Users/grabacr/VPSsync/01-WorkspaceSync/modelica-shared/CustomLib/WalkingInWorldOfThermoFluid/.git/sourcetreeconfig.json' -> 'sftp://os3-310-44666.vs.sakura.ne.jp/home/ubuntu/VPSsync/01-WorkspaceSync/modelica-shared/CustomLib/WalkingInWorldOfThermoFluid/.git/sourcetreeconfig.json' (1,322)
2026-06-30 07:05:36: Copy Over 'C:/Users/grabacr/VPSsync/01-WorkspaceSync/modelica-shared/CustomLib/WalkingInWorldOfThermoFluid/.git/index' -> 'sftp://os3-310-44666.vs.sakura.ne.jp/home/ubuntu/VPSsync/01-WorkspaceSync/modelica-shared/CustomLib/WalkingInWorldOfThermoFluid/.git/index' (68,927)
2026-06-30 07:05:36: Copy New 'C:/Users/grabacr/VPSsync/01-WorkspaceSync/modelica-shared/CustomLib/WalkingInWorldOfThermoFluid/.git/objects/06/877e0ac74213f6c2c6b654c16841ca4ce3014a' -> 'sftp://os3-310-44666.vs.sakura.ne.jp/home/ubuntu/VPSsync/01-WorkspaceSync/modelica-shared/CustomLib/WalkingInWorldOfThermoFluid/.git/objects/06/877e0ac74213f6c2c6b654c16841ca4ce3014a' (868)
2026-06-30 07:05:36: Copy New 'C:/Users/grabacr/VPSsync/01-WorkspaceSync/modelica-shared/CustomLib/WalkingInWorldOfThermoFluid/.git/objects/07/2646157811bf52130010a6d94f31af2a0bdaaa' -> 'sftp://os3-310-44666.vs.sakura.ne.jp/home/ubuntu/VPSsync/01-WorkspaceSync/modelica-shared/CustomLib/WalkingInWorldOfThermoFluid/.git/objects/07/2646157811bf52130010a6d94f31af2a0bdaaa' (871)
2026-06-30 07:05:36: Copy New 'C:/Users/grabacr/VPSsync/01-WorkspaceSync/modelica-shared/CustomLib/WalkingInWorldOfThermoFluid/.git/objects/08/f7f86c7fb82fdb68831c653f801a25346066d7' -> 'sftp://os3-310-44666.vs.sakura.ne.jp/home/ubuntu/VPSsync/01-WorkspaceSync/modelica-shared/CustomLib/WalkingInWorldOfThermoFluid/.git/objects/08/f7f86c7fb82fdb68831c653f801a25346066d7' (871)
2026-06-30 07:05:36: Copy New 'C:/Users/grabacr/VPSsync/01-WorkspaceSync/modelica-shared/CustomLib/WalkingInWorldOfThermoFluid/.git/objects/0c/6edf17aa43224608e3d09a2fff7853b7440443' -> 'sftp://os3-310-44666.vs.sakura.ne.jp/home/ubuntu/VPSsync/01-WorkspaceSync/modelica-shared/CustomLib/WalkingInWorldOfThermoFluid/.git/objects/0c/6edf17aa43224608e3d09a2fff7853b7440443' (873)
2026-06-30 07:05:36: Copy New 'C:/Users/grabacr/VPSsync/01-WorkspaceSync/modelica-shared/CustomLib/WalkingInWorldOfThermoFluid/.git/objects/0e/a11e6186d6f6c4fec2b3598465c573c9bb15e1' -> 'sftp://os3-310-44666.vs.sakura.ne.jp/home/ubuntu/VPSsync/01-WorkspaceSync/modelica-shared/CustomLib/WalkingInWorldOfThermoFluid/.git/objects/0e/a11e6186d6f6c4fec2b3598465c573c9bb15e1' (896)
2026-06-30 07:05:36: Copy New 'C:/Users/grabacr/VPSsync/01-WorkspaceSync/modelica-shared/CustomLib/WalkingInWorldOfThermoFluid/.git/objects/0e/6142c2d05ad042537481f7c7502b2254b0d5dc' -> 'sftp://os3-310-44666.vs.sakura.ne.jp/home/ubuntu/VPSsync/01-WorkspaceSync/modelica-shared/CustomLib/WalkingInWorldOfThermoFluid/.git/objects/0e/6142c2d05ad042537481f7c7502b2254b0d5dc' (760)
2026-06-30 07:05:36: Copy New 'C:/Users/grabacr/VPSsync/01-WorkspaceSync/modelica-shared/CustomLib/WalkingInWorldOfThermoFluid/.git/objects/13/95f46d2e2f5008bfd50fd0b22d9ec6e882d1b9' -> 'sftp://os3-310-44666.vs.sakura.ne.jp/home/ubuntu/VPSsync/01-WorkspaceSync/modelica-shared/CustomLib/WalkingInWorldOfThermoFluid/.git/objects/13/95f46d2e2f5008bfd50fd0b22d9ec6e882d1b9' (874)
2026-06-30 07:05:36: Copy New 'C:/Users/grabacr/VPSsync/01-WorkspaceSync/modelica-shared/CustomLib/WalkingInWorldOfThermoFluid/.git/objects/10/a914bfbe613b7afb2a664696a71b62b1f83ce8' -> 'sftp://os3-310-44666.vs.sakura.ne.jp/home/ubuntu/VPSsync/01-WorkspaceSync/modelica-shared/CustomLib/WalkingInWorldOfThermoFluid/.git/objects/10/a914bfbe613b7afb2a664696a71b62b1f83ce8' (874)
2026-06-30 07:05:36: Copy New 'C:/Users/grabacr/VPSsync/01-WorkspaceSync/modelica-shared/CustomLib/WalkingInWorldOfThermoFluid/.git/objects/14/5bd8a806fdc9915b72432bf88e31c9340022f4' -> 'sftp://os3-310-44666.vs.sakura.ne.jp/home/ubuntu/VPSsync/01-WorkspaceSync/modelica-shared/CustomLib/WalkingInWorldOfThermoFluid/.git/objects/14/5bd8a806fdc9915b72432bf88e31c9340022f4' (808)
2026-06-30 07:05:36: Copy New 'C:/Users/grabacr/VPSsync/01-WorkspaceSync/modelica-shared/CustomLib/WalkingInWorldOfThermoFluid/.git/objects/16/419673fbc72eeb42cff0d971e2b6dff043da62' -> 'sftp://os3-310-44666.vs.sakura.ne.jp/home/ubuntu/VPSsync/01-WorkspaceSync/modelica-shared/CustomLib/WalkingInWorldOfThermoFluid/.git/objects/16/419673fbc72eeb42cff0d971e2b6dff043da62' (812)
2026-06-30 07:05:36: Copy New 'C:/Users/grabacr/VPSsync/01-WorkspaceSync/modelica-shared/CustomLib/WalkingInWorldOfThermoFluid/.git/objects/14/786d2714d361fa9d569b59c8c4412976705da7' -> 'sftp://os3-310-44666.vs.sakura.ne.jp/home/ubuntu/VPSsync/01-WorkspaceSync/modelica-shared/CustomLib/WalkingInWorldOfThermoFluid/.git/objects/14/786d2714d361fa9d569b59c8c4412976705da7' (783)
2026-06-30 07:05:36: Copy New 'C:/Users/grabacr/VPSsync/01-WorkspaceSync/modelica-shared/CustomLib/WalkingInWorldOfThermoFluid/.git/objects/17/c979827c722755da2de41b3794d1f7a0b40fe2' -> 'sftp://os3-310-44666.vs.sakura.ne.jp/home/ubuntu/VPSsync/01-WorkspaceSync/modelica-shared/CustomLib/WalkingInWorldOfThermoFluid/.git/objects/17/c979827c722755da2de41b3794d1f7a0b40fe2' (814)
2026-06-30 07:05:37: Copy New 'C:/Users/grabacr/VPSsync/01-WorkspaceSync/modelica-shared/CustomLib/WalkingInWorldOfThermoFluid/.git/objects/18/3208cbc21be70f656265e41a457e92290d6d22' -> 'sftp://os3-310-44666.vs.sakura.ne.jp/home/ubuntu/VPSsync/01-WorkspaceSync/modelica-shared/CustomLib/WalkingInWorldOfThermoFluid/.git/objects/18/3208cbc21be70f656265e41a457e92290d6d22' (874)
2026-06-30 07:05:37: Copy New 'C:/Users/grabacr/VPSsync/01-WorkspaceSync/modelica-shared/CustomLib/WalkingInWorldOfThermoFluid/.git/objects/1c/943cd7d15d24440bc0e5a462459ccfa07c361d' -> 'sftp://os3-310-44666.vs.sakura.ne.jp/home/ubuntu/VPSsync/01-WorkspaceSync/modelica-shared/CustomLib/WalkingInWorldOfThermoFluid/.git/objects/1c/943cd7d15d24440bc0e5a462459ccfa07c361d' (759)
2026-06-30 07:05:37: Copy New 'C:/Users/grabacr/VPSsync/01-WorkspaceSync/modelica-shared/CustomLib/WalkingInWorldOfThermoFluid/.git/objects/1a/aba6f00c3837aa2963b1d3aa8db0e789802895' -> 'sftp://os3-310-44666.vs.sakura.ne.jp/home/ubuntu/VPSsync/01-WorkspaceSync/modelica-shared/CustomLib/WalkingInWorldOfThermoFluid/.git/objects/1a/aba6f00c3837aa2963b1d3aa8db0e789802895' (781)
2026-06-30 07:05:37: Copy New 'C:/Users/grabacr/VPSsync/01-WorkspaceSync/modelica-shared/CustomLib/WalkingInWorldOfThermoFluid/.git/objects/1d/466a015ebec965ddced69e2450e362a5030131' -> 'sftp://os3-310-44666.vs.sakura.ne.jp/home/ubuntu/VPSsync/01-WorkspaceSync/modelica-shared/CustomLib/WalkingInWorldOfThermoFluid/.git/objects/1d/466a015ebec965ddced69e2450e362a5030131' (765)
2026-06-30 07:05:37: Copy New 'C:/Users/grabacr/VPSsync/01-WorkspaceSync/modelica-shared/CustomLib/WalkingInWorldOfThermoFluid/.git/objects/23/3e27d6b4c6dd976323cde54fb7e296f0761f71' -> 'sftp://os3-310-44666.vs.sakura.ne.jp/home/ubuntu/VPSsync/01-WorkspaceSync/modelica-shared/CustomLib/WalkingInWorldOfThermoFluid/.git/objects/23/3e27d6b4c6dd976323cde54fb7e296f0761f71' (781)
2026-06-30 07:05:37: Copy New 'C:/Users/grabacr/VPSsync/01-WorkspaceSync/modelica-shared/CustomLib/WalkingInWorldOfThermoFluid/.git/objects/26/996a1c89629b1d4f2f08331a6b3121a0c1c11e' -> 'sftp://os3-310-44666.vs.sakura.ne.jp/home/ubuntu/VPSsync/01-WorkspaceSync/modelica-shared/CustomLib/WalkingInWorldOfThermoFluid/.git/objects/26/996a1c89629b1d4f2f08331a6b3121a0c1c11e' (873)
2026-06-30 07:05:37: Copy New 'C:/Users/grabacr/VPSsync/01-WorkspaceSync/modelica-shared/CustomLib/WalkingInWorldOfThermoFluid/.git/objects/28/ecd9b906ad3a9279f5e5d1b74fc2bfefd0ad43' -> 'sftp://os3-310-44666.vs.sakura.ne.jp/home/ubuntu/VPSsync/01-WorkspaceSync/modelica-shared/CustomLib/WalkingInWorldOfThermoFluid/.git/objects/28/ecd9b906ad3a9279f5e5d1b74fc2bfefd0ad43' (870)
2026-06-30 07:05:37: Copy New 'C:/Users/grabacr/VPSsync/01-WorkspaceSync/modelica-shared/CustomLib/WalkingInWorldOfThermoFluid/.git/objects/2a/5dabdb1ec7da59b3b14e26d0af015e88821c57' -> 'sftp://os3-310-44666.vs.sakura.ne.jp/home/ubuntu/VPSsync/01-WorkspaceSync/modelica-shared/CustomLib/WalkingInWorldOfThermoFluid/.git/objects/2a/5dabdb1ec7da59b3b14e26d0af015e88821c57' (766)
2026-06-30 07:05:37: Copy New 'C:/Users/grabacr/VPSsync/01-WorkspaceSync/modelica-shared/CustomLib/WalkingInWorldOfThermoFluid/.git/objects/2b/db65637483d53bd54fb6beef29f3b500b9acf6' -> 'sftp://os3-310-44666.vs.sakura.ne.jp/home/ubuntu/VPSsync/01-WorkspaceSync/modelica-shared/CustomLib/WalkingInWorldOfThermoFluid/.git/objects/2b/db65637483d53bd54fb6beef29f3b500b9acf6' (873)
2026-06-30 07:05:37: Copy New 'C:/Users/grabacr/VPSsync/01-WorkspaceSync/modelica-shared/CustomLib/WalkingInWorldOfThermoFluid/.git/objects/2d/450d21127fe97714980023c4cce4832ea56f96' -> 'sftp://os3-310-44666.vs.sakura.ne.jp/home/ubuntu/VPSsync/01-WorkspaceSync/modelica-shared/CustomLib/WalkingInWorldOfThermoFluid/.git/objects/2d/450d21127fe97714980023c4cce4832ea56f96' (760)
2026-06-30 07:05:37: Copy New 'C:/Users/grabacr/VPSsync/01-WorkspaceSync/modelica-shared/CustomLib/WalkingInWorldOfThermoFluid/.git/objects/30/4deb8ff1d8ae7af02ab738c58e1ce8650b319e' -> 'sftp://os3-310-44666.vs.sakura.ne.jp/home/ubuntu/VPSsync/01-WorkspaceSync/modelica-shared/CustomLib/WalkingInWorldOfThermoFluid/.git/objects/30/4deb8ff1d8ae7af02ab738c58e1ce8650b319e' (810)
2026-06-30 07:05:37: Copy New 'C:/Users/grabacr/VPSsync/01-WorkspaceSync/modelica-shared/CustomLib/WalkingInWorldOfThermoFluid/.git/objects/31/e31df2a1e392b7134202d6382223f401c955f5' -> 'sftp://os3-310-44666.vs.sakura.ne.jp/home/ubuntu/VPSsync/01-WorkspaceSync/modelica-shared/CustomLib/WalkingInWorldOfThermoFluid/.git/objects/31/e31df2a1e392b7134202d6382223f401c955f5' (759)
2026-06-30 07:05:37: Copy New 'C:/Users/grabacr/VPSsync/01-WorkspaceSync/modelica-shared/CustomLib/WalkingInWorldOfThermoFluid/.git/objects/34/51533f755718d311df372f51e6b11779ab580f' -> 'sftp://os3-310-44666.vs.sakura.ne.jp/home/ubuntu/VPSsync/01-WorkspaceSync/modelica-shared/CustomLib/WalkingInWorldOfThermoFluid/.git/objects/34/51533f755718d311df372f51e6b11779ab580f' (759)
2026-06-30 07:05:37: Copy New 'C:/Users/grabacr/VPSsync/01-WorkspaceSync/modelica-shared/CustomLib/WalkingInWorldOfThermoFluid/.git/objects/36/0acac8a6769d36850baf985a78d1c36b1946e2' -> 'sftp://os3-310-44666.vs.sakura.ne.jp/home/ubuntu/VPSsync/01-WorkspaceSync/modelica-shared/CustomLib/WalkingInWorldOfThermoFluid/.git/objects/36/0acac8a6769d36850baf985a78d1c36b1946e2' (875)
2026-06-30 07:05:37: Copy New 'C:/Users/grabacr/VPSsync/01-WorkspaceSync/modelica-shared/CustomLib/WalkingInWorldOfThermoFluid/.git/objects/36/2519c5960be40a1cf81d8de3e1e4a48b9b8539' -> 'sftp://os3-310-44666.vs.sakura.ne.jp/home/ubuntu/VPSsync/01-WorkspaceSync/modelica-shared/CustomLib/WalkingInWorldOfThermoFluid/.git/objects/36/2519c5960be40a1cf81d8de3e1e4a48b9b8539' (762)
2026-06-30 07:05:37: Copy New 'C:/Users/grabacr/VPSsync/01-WorkspaceSync/modelica-shared/CustomLib/WalkingInWorldOfThermoFluid/.git/objects/36/c99c8d2ead6ec34a8c4d0df57c3ab1adb79ade' -> 'sftp://os3-310-44666.vs.sakura.ne.jp/home/ubuntu/VPSsync/01-WorkspaceSync/modelica-shared/CustomLib/WalkingInWorldOfThermoFluid/.git/objects/36/c99c8d2ead6ec34a8c4d0df57c3ab1adb79ade' (760)
2026-06-30 07:05:37: Copy New 'C:/Users/grabacr/VPSsync/01-WorkspaceSync/modelica-shared/CustomLib/WalkingInWorldOfThermoFluid/.git/objects/3b/b79814a95e48cab4403dba7229709e28622c1e' -> 'sftp://os3-310-44666.vs.sakura.ne.jp/home/ubuntu/VPSsync/01-WorkspaceSync/modelica-shared/CustomLib/WalkingInWorldOfThermoFluid/.git/objects/3b/b79814a95e48cab4403dba7229709e28622c1e' (867)
2026-06-30 07:05:38: Copy New 'C:/Users/grabacr/VPSsync/01-WorkspaceSync/modelica-shared/CustomLib/WalkingInWorldOfThermoFluid/.git/objects/3a/a31b87bcb7cd18cd79f1cc76131d9152b07874' -> 'sftp://os3-310-44666.vs.sakura.ne.jp/home/ubuntu/VPSsync/01-WorkspaceSync/modelica-shared/CustomLib/WalkingInWorldOfThermoFluid/.git/objects/3a/a31b87bcb7cd18cd79f1cc76131d9152b07874' (873)
2026-06-30 07:05:38: Copy New 'C:/Users/grabacr/VPSsync/01-WorkspaceSync/modelica-shared/CustomLib/WalkingInWorldOfThermoFluid/.git/objects/3e/b2c943441381b74d5389a07cad06b91fd36bfc' -> 'sftp://os3-310-44666.vs.sakura.ne.jp/home/ubuntu/VPSsync/01-WorkspaceSync/modelica-shared/CustomLib/WalkingInWorldOfThermoFluid/.git/objects/3e/b2c943441381b74d5389a07cad06b91fd36bfc' (897)
2026-06-30 07:05:38: Copy New 'C:/Users/grabacr/VPSsync/01-WorkspaceSync/modelica-shared/CustomLib/WalkingInWorldOfThermoFluid/.git/objects/3f/2c892b15c93306296f25b7fea2ab071011174d' -> 'sftp://os3-310-44666.vs.sakura.ne.jp/home/ubuntu/VPSsync/01-WorkspaceSync/modelica-shared/CustomLib/WalkingInWorldOfThermoFluid/.git/objects/3f/2c892b15c93306296f25b7fea2ab071011174d' (870)
2026-06-30 07:05:38: Copy New 'C:/Users/grabacr/VPSsync/01-WorkspaceSync/modelica-shared/CustomLib/WalkingInWorldOfThermoFluid/.git/objects/44/a005264569e0f6d16439c766671c9d0824e0e6' -> 'sftp://os3-310-44666.vs.sakura.ne.jp/home/ubuntu/VPSsync/01-WorkspaceSync/modelica-shared/CustomLib/WalkingInWorldOfThermoFluid/.git/objects/44/a005264569e0f6d16439c766671c9d0824e0e6' (760)
2026-06-30 07:05:38: Copy New 'C:/Users/grabacr/VPSsync/01-WorkspaceSync/modelica-shared/CustomLib/WalkingInWorldOfThermoFluid/.git/objects/45/9cbccea8c7ce3f9955494910cb501cc7268edd' -> 'sftp://os3-310-44666.vs.sakura.ne.jp/home/ubuntu/VPSsync/01-WorkspaceSync/modelica-shared/CustomLib/WalkingInWorldOfThermoFluid/.git/objects/45/9cbccea8c7ce3f9955494910cb501cc7268edd' (871)
2026-06-30 07:05:38: Copy New 'C:/Users/grabacr/VPSsync/01-WorkspaceSync/modelica-shared/CustomLib/WalkingInWorldOfThermoFluid/.git/objects/47/e4d6edc2fc9ccbb45a98d8670adc9cd370e735' -> 'sftp://os3-310-44666.vs.sakura.ne.jp/home/ubuntu/VPSsync/01-WorkspaceSync/modelica-shared/CustomLib/WalkingInWorldOfThermoFluid/.git/objects/47/e4d6edc2fc9ccbb45a98d8670adc9cd370e735' (761)
2026-06-30 07:05:38: Copy New 'C:/Users/grabacr/VPSsync/01-WorkspaceSync/modelica-shared/CustomLib/WalkingInWorldOfThermoFluid/.git/objects/48/cb82449dbebf95f3dd109969440196242577dc' -> 'sftp://os3-310-44666.vs.sakura.ne.jp/home/ubuntu/VPSsync/01-WorkspaceSync/modelica-shared/CustomLib/WalkingInWorldOfThermoFluid/.git/objects/48/cb82449dbebf95f3dd109969440196242577dc' (811)
2026-06-30 07:05:38: Copy New 'C:/Users/grabacr/VPSsync/01-WorkspaceSync/modelica-shared/CustomLib/WalkingInWorldOfThermoFluid/.git/objects/50/c6f2dade58f91aedb36ffd531b4724215571d3' -> 'sftp://os3-310-44666.vs.sakura.ne.jp/home/ubuntu/VPSsync/01-WorkspaceSync/modelica-shared/CustomLib/WalkingInWorldOfThermoFluid/.git/objects/50/c6f2dade58f91aedb36ffd531b4724215571d3' (868)
2026-06-30 07:05:38: Copy New 'C:/Users/grabacr/VPSsync/01-WorkspaceSync/modelica-shared/CustomLib/WalkingInWorldOfThermoFluid/.git/objects/54/12fba2f592495c903c1f39d3b4a6babf86de49' -> 'sftp://os3-310-44666.vs.sakura.ne.jp/home/ubuntu/VPSsync/01-WorkspaceSync/modelica-shared/CustomLib/WalkingInWorldOfThermoFluid/.git/objects/54/12fba2f592495c903c1f39d3b4a6babf86de49' (871)
2026-06-30 07:05:38: Copy New 'C:/Users/grabacr/VPSsync/01-WorkspaceSync/modelica-shared/CustomLib/WalkingInWorldOfThermoFluid/.git/objects/4d/548a54517a75686bf4d52ce7eba9434637601d' -> 'sftp://os3-310-44666.vs.sakura.ne.jp/home/ubuntu/VPSsync/01-WorkspaceSync/modelica-shared/CustomLib/WalkingInWorldOfThermoFluid/.git/objects/4d/548a54517a75686bf4d52ce7eba9434637601d' (185,853)
2026-06-30 07:05:38: Copy New 'C:/Users/grabacr/VPSsync/01-WorkspaceSync/modelica-shared/CustomLib/WalkingInWorldOfThermoFluid/.git/objects/56/01b636853c2dd69fbac50a29af0f12f16a1c01' -> 'sftp://os3-310-44666.vs.sakura.ne.jp/home/ubuntu/VPSsync/01-WorkspaceSync/modelica-shared/CustomLib/WalkingInWorldOfThermoFluid/.git/objects/56/01b636853c2dd69fbac50a29af0f12f16a1c01' (867)
2026-06-30 07:05:38: Copy New 'C:/Users/grabacr/VPSsync/01-WorkspaceSync/modelica-shared/CustomLib/WalkingInWorldOfThermoFluid/.git/objects/56/bd48db85909547addd36004fdd3b47aed288cc' -> 'sftp://os3-310-44666.vs.sakura.ne.jp/home/ubuntu/VPSsync/01-WorkspaceSync/modelica-shared/CustomLib/WalkingInWorldOfThermoFluid/.git/objects/56/bd48db85909547addd36004fdd3b47aed288cc' (867)
2026-06-30 07:05:38: Copy New 'C:/Users/grabacr/VPSsync/01-WorkspaceSync/modelica-shared/CustomLib/WalkingInWorldOfThermoFluid/.git/objects/5b/26ced8e184a8d4cd1e1698c5706f62bd25c4c8' -> 'sftp://os3-310-44666.vs.sakura.ne.jp/home/ubuntu/VPSsync/01-WorkspaceSync/modelica-shared/CustomLib/WalkingInWorldOfThermoFluid/.git/objects/5b/26ced8e184a8d4cd1e1698c5706f62bd25c4c8' (870)
2026-06-30 07:05:39: Copy New 'C:/Users/grabacr/VPSsync/01-WorkspaceSync/modelica-shared/CustomLib/WalkingInWorldOfThermoFluid/.git/objects/5b/ee795d009964acefa4859dfbfa6455c48014de' -> 'sftp://os3-310-44666.vs.sakura.ne.jp/home/ubuntu/VPSsync/01-WorkspaceSync/modelica-shared/CustomLib/WalkingInWorldOfThermoFluid/.git/objects/5b/ee795d009964acefa4859dfbfa6455c48014de' (869)
2026-06-30 07:05:39: Copy New 'C:/Users/grabacr/VPSsync/01-WorkspaceSync/modelica-shared/CustomLib/WalkingInWorldOfThermoFluid/.git/objects/5b/2dda7a1a8500ac229dd50c807dcbb6175fbfa3' -> 'sftp://os3-310-44666.vs.sakura.ne.jp/home/ubuntu/VPSsync/01-WorkspaceSync/modelica-shared/CustomLib/WalkingInWorldOfThermoFluid/.git/objects/5b/2dda7a1a8500ac229dd50c807dcbb6175fbfa3' (781)
2026-06-30 07:05:39: Copy New 'C:/Users/grabacr/VPSsync/01-WorkspaceSync/modelica-shared/CustomLib/WalkingInWorldOfThermoFluid/.git/objects/5c/ee9dca23c99fec83f5968e4fa67d962975668c' -> 'sftp://os3-310-44666.vs.sakura.ne.jp/home/ubuntu/VPSsync/01-WorkspaceSync/modelica-shared/CustomLib/WalkingInWorldOfThermoFluid/.git/objects/5c/ee9dca23c99fec83f5968e4fa67d962975668c' (875)
2026-06-30 07:05:39: Copy New 'C:/Users/grabacr/VPSsync/01-WorkspaceSync/modelica-shared/CustomLib/WalkingInWorldOfThermoFluid/.git/objects/5e/8afb5305b5de0794a71df202790422a7b6ca55' -> 'sftp://os3-310-44666.vs.sakura.ne.jp/home/ubuntu/VPSsync/01-WorkspaceSync/modelica-shared/CustomLib/WalkingInWorldOfThermoFluid/.git/objects/5e/8afb5305b5de0794a71df202790422a7b6ca55' (760)
2026-06-30 07:05:39: Copy New 'C:/Users/grabacr/VPSsync/01-WorkspaceSync/modelica-shared/CustomLib/WalkingInWorldOfThermoFluid/.git/objects/66/16e938cac5487e3d08d16010ee6cccd242cb96' -> 'sftp://os3-310-44666.vs.sakura.ne.jp/home/ubuntu/VPSsync/01-WorkspaceSync/modelica-shared/CustomLib/WalkingInWorldOfThermoFluid/.git/objects/66/16e938cac5487e3d08d16010ee6cccd242cb96' (872)
2026-06-30 07:05:39: Copy New 'C:/Users/grabacr/VPSsync/01-WorkspaceSync/modelica-shared/CustomLib/WalkingInWorldOfThermoFluid/.git/objects/66/26f9cba4e3ac97018a65bbf51b1b7df071d51e' -> 'sftp://os3-310-44666.vs.sakura.ne.jp/home/ubuntu/VPSsync/01-WorkspaceSync/modelica-shared/CustomLib/WalkingInWorldOfThermoFluid/.git/objects/66/26f9cba4e3ac97018a65bbf51b1b7df071d51e' (872)
2026-06-30 07:05:39: Copy New 'C:/Users/grabacr/VPSsync/01-WorkspaceSync/modelica-shared/CustomLib/WalkingInWorldOfThermoFluid/.git/objects/67/c6d4b9b13d2263beb6579818e4ee53950f33eb' -> 'sftp://os3-310-44666.vs.sakura.ne.jp/home/ubuntu/VPSsync/01-WorkspaceSync/modelica-shared/CustomLib/WalkingInWorldOfThermoFluid/.git/objects/67/c6d4b9b13d2263beb6579818e4ee53950f33eb' (867)
2026-06-30 07:05:39: Copy New 'C:/Users/grabacr/VPSsync/01-WorkspaceSync/modelica-shared/CustomLib/WalkingInWorldOfThermoFluid/.git/objects/71/2230b80d6f34de5c19521526cbee9bb057ff74' -> 'sftp://os3-310-44666.vs.sakura.ne.jp/home/ubuntu/VPSsync/01-WorkspaceSync/modelica-shared/CustomLib/WalkingInWorldOfThermoFluid/.git/objects/71/2230b80d6f34de5c19521526cbee9bb057ff74' (873)
2026-06-30 07:05:39: Copy New 'C:/Users/grabacr/VPSsync/01-WorkspaceSync/modelica-shared/CustomLib/WalkingInWorldOfThermoFluid/.git/objects/7c/46bb053f857652da75f062924e55dd623065a5' -> 'sftp://os3-310-44666.vs.sakura.ne.jp/home/ubuntu/VPSsync/01-WorkspaceSync/modelica-shared/CustomLib/WalkingInWorldOfThermoFluid/.git/objects/7c/46bb053f857652da75f062924e55dd623065a5' (873)
2026-06-30 07:05:39: Copy New 'C:/Users/grabacr/VPSsync/01-WorkspaceSync/modelica-shared/CustomLib/WalkingInWorldOfThermoFluid/.git/objects/82/bdb25ef8c671089bb175ffd3b5d25b8611b233' -> 'sftp://os3-310-44666.vs.sakura.ne.jp/home/ubuntu/VPSsync/01-WorkspaceSync/modelica-shared/CustomLib/WalkingInWorldOfThermoFluid/.git/objects/82/bdb25ef8c671089bb175ffd3b5d25b8611b233' (616)
2026-06-30 07:05:39: Copy New 'C:/Users/grabacr/VPSsync/01-WorkspaceSync/modelica-shared/CustomLib/WalkingInWorldOfThermoFluid/.git/objects/86/d7862f213ab9e21d1aa9a05257bd53dde249a4' -> 'sftp://os3-310-44666.vs.sakura.ne.jp/home/ubuntu/VPSsync/01-WorkspaceSync/modelica-shared/CustomLib/WalkingInWorldOfThermoFluid/.git/objects/86/d7862f213ab9e21d1aa9a05257bd53dde249a4' (759)
2026-06-30 07:05:39: Copy New 'C:/Users/grabacr/VPSsync/01-WorkspaceSync/modelica-shared/CustomLib/WalkingInWorldOfThermoFluid/.git/objects/8f/8f891f547d42439cee6d3c13bc65ff14b3f057' -> 'sftp://os3-310-44666.vs.sakura.ne.jp/home/ubuntu/VPSsync/01-WorkspaceSync/modelica-shared/CustomLib/WalkingInWorldOfThermoFluid/.git/objects/8f/8f891f547d42439cee6d3c13bc65ff14b3f057' (870)
2026-06-30 07:05:39: Copy New 'C:/Users/grabacr/VPSsync/01-WorkspaceSync/modelica-shared/CustomLib/WalkingInWorldOfThermoFluid/.git/objects/8c/b2de76c77b9511bcc26391a76a44b34edff29d' -> 'sftp://os3-310-44666.vs.sakura.ne.jp/home/ubuntu/VPSsync/01-WorkspaceSync/modelica-shared/CustomLib/WalkingInWorldOfThermoFluid/.git/objects/8c/b2de76c77b9511bcc26391a76a44b34edff29d' (815)
2026-06-30 07:05:39: Copy New 'C:/Users/grabacr/VPSsync/01-WorkspaceSync/modelica-shared/CustomLib/WalkingInWorldOfThermoFluid/.git/objects/96/caffc701c3dfd30086321b2a8b1a159a6a70f7' -> 'sftp://os3-310-44666.vs.sakura.ne.jp/home/ubuntu/VPSsync/01-WorkspaceSync/modelica-shared/CustomLib/WalkingInWorldOfThermoFluid/.git/objects/96/caffc701c3dfd30086321b2a8b1a159a6a70f7' (811)
2026-06-30 07:05:39: Copy New 'C:/Users/grabacr/VPSsync/01-WorkspaceSync/modelica-shared/CustomLib/WalkingInWorldOfThermoFluid/.git/objects/97/71c3eeeab07aefd74bd61dc2fdb3753c1df508' -> 'sftp://os3-310-44666.vs.sakura.ne.jp/home/ubuntu/VPSsync/01-WorkspaceSync/modelica-shared/CustomLib/WalkingInWorldOfThermoFluid/.git/objects/97/71c3eeeab07aefd74bd61dc2fdb3753c1df508' (866)
2026-06-30 07:05:39: Copy New 'C:/Users/grabacr/VPSsync/01-WorkspaceSync/modelica-shared/CustomLib/WalkingInWorldOfThermoFluid/.git/objects/99/966574a13feae3fc45e05e099bb3b09303b82c' -> 'sftp://os3-310-44666.vs.sakura.ne.jp/home/ubuntu/VPSsync/01-WorkspaceSync/modelica-shared/CustomLib/WalkingInWorldOfThermoFluid/.git/objects/99/966574a13feae3fc45e05e099bb3b09303b82c' (868)
2026-06-30 07:05:39: Copy New 'C:/Users/grabacr/VPSsync/01-WorkspaceSync/modelica-shared/CustomLib/WalkingInWorldOfThermoFluid/.git/objects/9c/292f6090e2190477c3a586c3f36af32abb3574' -> 'sftp://os3-310-44666.vs.sakura.ne.jp/home/ubuntu/VPSsync/01-WorkspaceSync/modelica-shared/CustomLib/WalkingInWorldOfThermoFluid/.git/objects/9c/292f6090e2190477c3a586c3f36af32abb3574' (760)
2026-06-30 07:05:39: Copy New 'C:/Users/grabacr/VPSsync/01-WorkspaceSync/modelica-shared/CustomLib/WalkingInWorldOfThermoFluid/.git/objects/9e/b60ebe03a30c3613dbd90643c150906bef28a4' -> 'sftp://os3-310-44666.vs.sakura.ne.jp/home/ubuntu/VPSsync/01-WorkspaceSync/modelica-shared/CustomLib/WalkingInWorldOfThermoFluid/.git/objects/9e/b60ebe03a30c3613dbd90643c150906bef28a4' (872)
2026-06-30 07:05:39: Copy New 'C:/Users/grabacr/VPSsync/01-WorkspaceSync/modelica-shared/CustomLib/WalkingInWorldOfThermoFluid/.git/objects/9c/5ab4b4dccb93653a8a2ef20805e49ce01bdc7b' -> 'sftp://os3-310-44666.vs.sakura.ne.jp/home/ubuntu/VPSsync/01-WorkspaceSync/modelica-shared/CustomLib/WalkingInWorldOfThermoFluid/.git/objects/9c/5ab4b4dccb93653a8a2ef20805e49ce01bdc7b' (869)
2026-06-30 07:05:40: Copy New 'C:/Users/grabacr/VPSsync/01-WorkspaceSync/modelica-shared/CustomLib/WalkingInWorldOfThermoFluid/.git/objects/9f/9588f07ba8a902cf6e514cb5c6a7c7961725de' -> 'sftp://os3-310-44666.vs.sakura.ne.jp/home/ubuntu/VPSsync/01-WorkspaceSync/modelica-shared/CustomLib/WalkingInWorldOfThermoFluid/.git/objects/9f/9588f07ba8a902cf6e514cb5c6a7c7961725de' (760)
2026-06-30 07:05:40: Copy New 'C:/Users/grabacr/VPSsync/01-WorkspaceSync/modelica-shared/CustomLib/WalkingInWorldOfThermoFluid/.git/objects/a1/4bef24cbea225e8a78756c381e1b33c26f3b99' -> 'sftp://os3-310-44666.vs.sakura.ne.jp/home/ubuntu/VPSsync/01-WorkspaceSync/modelica-shared/CustomLib/WalkingInWorldOfThermoFluid/.git/objects/a1/4bef24cbea225e8a78756c381e1b33c26f3b99' (906)
2026-06-30 07:05:40: Copy New 'C:/Users/grabacr/VPSsync/01-WorkspaceSync/modelica-shared/CustomLib/WalkingInWorldOfThermoFluid/.git/objects/a4/65fd528beb6e7b29b2791af0cac4548d3d0546' -> 'sftp://os3-310-44666.vs.sakura.ne.jp/home/ubuntu/VPSsync/01-WorkspaceSync/modelica-shared/CustomLib/WalkingInWorldOfThermoFluid/.git/objects/a4/65fd528beb6e7b29b2791af0cac4548d3d0546' (766)
2026-06-30 07:05:40: Copy New 'C:/Users/grabacr/VPSsync/01-WorkspaceSync/modelica-shared/CustomLib/WalkingInWorldOfThermoFluid/.git/objects/a5/621a9d8ecbce8f5bcd0a404b5a7453a65714eb' -> 'sftp://os3-310-44666.vs.sakura.ne.jp/home/ubuntu/VPSsync/01-WorkspaceSync/modelica-shared/CustomLib/WalkingInWorldOfThermoFluid/.git/objects/a5/621a9d8ecbce8f5bcd0a404b5a7453a65714eb' (872)
2026-06-30 07:05:40: Copy New 'C:/Users/grabacr/VPSsync/01-WorkspaceSync/modelica-shared/CustomLib/WalkingInWorldOfThermoFluid/.git/objects/a4/710dbf37ef166c1adc41291ff5b9ccd7282f0c' -> 'sftp://os3-310-44666.vs.sakura.ne.jp/home/ubuntu/VPSsync/01-WorkspaceSync/modelica-shared/CustomLib/WalkingInWorldOfThermoFluid/.git/objects/a4/710dbf37ef166c1adc41291ff5b9ccd7282f0c' (873)
2026-06-30 07:05:40: Copy New 'C:/Users/grabacr/VPSsync/01-WorkspaceSync/modelica-shared/CustomLib/WalkingInWorldOfThermoFluid/.git/objects/a6/8f95b2e30356fe0ef6bd50746ba5f82e459536' -> 'sftp://os3-310-44666.vs.sakura.ne.jp/home/ubuntu/VPSsync/01-WorkspaceSync/modelica-shared/CustomLib/WalkingInWorldOfThermoFluid/.git/objects/a6/8f95b2e30356fe0ef6bd50746ba5f82e459536' (782)
2026-06-30 07:05:40: Copy New 'C:/Users/grabacr/VPSsync/01-WorkspaceSync/modelica-shared/CustomLib/WalkingInWorldOfThermoFluid/.git/objects/a7/379df66b9e9e25b656383cf68dc7334f1c5c1e' -> 'sftp://os3-310-44666.vs.sakura.ne.jp/home/ubuntu/VPSsync/01-WorkspaceSync/modelica-shared/CustomLib/WalkingInWorldOfThermoFluid/.git/objects/a7/379df66b9e9e25b656383cf68dc7334f1c5c1e' (889)
2026-06-30 07:05:40: Copy New 'C:/Users/grabacr/VPSsync/01-WorkspaceSync/modelica-shared/CustomLib/WalkingInWorldOfThermoFluid/.git/objects/a9/5713f80f90d877d4d0dfd35c6f6b795c6d3856' -> 'sftp://os3-310-44666.vs.sakura.ne.jp/home/ubuntu/VPSsync/01-WorkspaceSync/modelica-shared/CustomLib/WalkingInWorldOfThermoFluid/.git/objects/a9/5713f80f90d877d4d0dfd35c6f6b795c6d3856' (900)
2026-06-30 07:05:40: Copy New 'C:/Users/grabacr/VPSsync/01-WorkspaceSync/modelica-shared/CustomLib/WalkingInWorldOfThermoFluid/.git/objects/ac/14ac423aa72fa9a769847e94fc5efb8ee822bf' -> 'sftp://os3-310-44666.vs.sakura.ne.jp/home/ubuntu/VPSsync/01-WorkspaceSync/modelica-shared/CustomLib/WalkingInWorldOfThermoFluid/.git/objects/ac/14ac423aa72fa9a769847e94fc5efb8ee822bf' (868)
2026-06-30 07:05:40: Copy New 'C:/Users/grabacr/VPSsync/01-WorkspaceSync/modelica-shared/CustomLib/WalkingInWorldOfThermoFluid/.git/objects/ad/f000874362357faf247825aea1ce0df5651334' -> 'sftp://os3-310-44666.vs.sakura.ne.jp/home/ubuntu/VPSsync/01-WorkspaceSync/modelica-shared/CustomLib/WalkingInWorldOfThermoFluid/.git/objects/ad/f000874362357faf247825aea1ce0df5651334' (873)
2026-06-30 07:05:40: Copy New 'C:/Users/grabacr/VPSsync/01-WorkspaceSync/modelica-shared/CustomLib/WalkingInWorldOfThermoFluid/.git/objects/b0/c58b8f358f70abd4aecf53c5c2c1b6fc442857' -> 'sftp://os3-310-44666.vs.sakura.ne.jp/home/ubuntu/VPSsync/01-WorkspaceSync/modelica-shared/CustomLib/WalkingInWorldOfThermoFluid/.git/objects/b0/c58b8f358f70abd4aecf53c5c2c1b6fc442857' (871)
2026-06-30 07:05:40: Copy New 'C:/Users/grabacr/VPSsync/01-WorkspaceSync/modelica-shared/CustomLib/WalkingInWorldOfThermoFluid/.git/objects/ae/55c0d759fa8d5248decd8634f81158f2b0dd3c' -> 'sftp://os3-310-44666.vs.sakura.ne.jp/home/ubuntu/VPSsync/01-WorkspaceSync/modelica-shared/CustomLib/WalkingInWorldOfThermoFluid/.git/objects/ae/55c0d759fa8d5248decd8634f81158f2b0dd3c' (867)
2026-06-30 07:05:40: Copy New 'C:/Users/grabacr/VPSsync/01-WorkspaceSync/modelica-shared/CustomLib/WalkingInWorldOfThermoFluid/.git/objects/b2/42b9a43b4746359e3a37cd2d5b1b9bfb310f82' -> 'sftp://os3-310-44666.vs.sakura.ne.jp/home/ubuntu/VPSsync/01-WorkspaceSync/modelica-shared/CustomLib/WalkingInWorldOfThermoFluid/.git/objects/b2/42b9a43b4746359e3a37cd2d5b1b9bfb310f82' (874)
2026-06-30 07:05:40: Copy New 'C:/Users/grabacr/VPSsync/01-WorkspaceSync/modelica-shared/CustomLib/WalkingInWorldOfThermoFluid/.git/objects/b3/67d6add7e196761f5c20087cb4898679a9fbbb' -> 'sftp://os3-310-44666.vs.sakura.ne.jp/home/ubuntu/VPSsync/01-WorkspaceSync/modelica-shared/CustomLib/WalkingInWorldOfThermoFluid/.git/objects/b3/67d6add7e196761f5c20087cb4898679a9fbbb' (869)
2026-06-30 07:05:40: Copy New 'C:/Users/grabacr/VPSsync/01-WorkspaceSync/modelica-shared/CustomLib/WalkingInWorldOfThermoFluid/.git/objects/b9/c445f8a3b50cf1b37304124a52e147b18e71fa' -> 'sftp://os3-310-44666.vs.sakura.ne.jp/home/ubuntu/VPSsync/01-WorkspaceSync/modelica-shared/CustomLib/WalkingInWorldOfThermoFluid/.git/objects/b9/c445f8a3b50cf1b37304124a52e147b18e71fa' (782)
2026-06-30 07:05:40: Copy New 'C:/Users/grabacr/VPSsync/01-WorkspaceSync/modelica-shared/CustomLib/WalkingInWorldOfThermoFluid/.git/objects/b4/68ebb018530c781e2953083ecce123f302429a' -> 'sftp://os3-310-44666.vs.sakura.ne.jp/home/ubuntu/VPSsync/01-WorkspaceSync/modelica-shared/CustomLib/WalkingInWorldOfThermoFluid/.git/objects/b4/68ebb018530c781e2953083ecce123f302429a' (867)
2026-06-30 07:05:40: Copy New 'C:/Users/grabacr/VPSsync/01-WorkspaceSync/modelica-shared/CustomLib/WalkingInWorldOfThermoFluid/.git/objects/bc/3a7ce041c88624dcef28d648262be6ebf363c7' -> 'sftp://os3-310-44666.vs.sakura.ne.jp/home/ubuntu/VPSsync/01-WorkspaceSync/modelica-shared/CustomLib/WalkingInWorldOfThermoFluid/.git/objects/bc/3a7ce041c88624dcef28d648262be6ebf363c7' (814)
2026-06-30 07:05:40: Copy New 'C:/Users/grabacr/VPSsync/01-WorkspaceSync/modelica-shared/CustomLib/WalkingInWorldOfThermoFluid/.git/objects/bb/569e29b98f296af260d31495b4bc736eefcd64' -> 'sftp://os3-310-44666.vs.sakura.ne.jp/home/ubuntu/VPSsync/01-WorkspaceSync/modelica-shared/CustomLib/WalkingInWorldOfThermoFluid/.git/objects/bb/569e29b98f296af260d31495b4bc736eefcd64' (783)
2026-06-30 07:05:40: Copy New 'C:/Users/grabacr/VPSsync/01-WorkspaceSync/modelica-shared/CustomLib/WalkingInWorldOfThermoFluid/.git/objects/bb/951dcadb5e52a271fc9551386cde44fdb5a5ca' -> 'sftp://os3-310-44666.vs.sakura.ne.jp/home/ubuntu/VPSsync/01-WorkspaceSync/modelica-shared/CustomLib/WalkingInWorldOfThermoFluid/.git/objects/bb/951dcadb5e52a271fc9551386cde44fdb5a5ca' (916)
2026-06-30 07:05:40: Copy New 'C:/Users/grabacr/VPSsync/01-WorkspaceSync/modelica-shared/CustomLib/WalkingInWorldOfThermoFluid/.git/objects/be/b7d063b49af6739b23fc02406dd4f9ae0c962e' -> 'sftp://os3-310-44666.vs.sakura.ne.jp/home/ubuntu/VPSsync/01-WorkspaceSync/modelica-shared/CustomLib/WalkingInWorldOfThermoFluid/.git/objects/be/b7d063b49af6739b23fc02406dd4f9ae0c962e' (923)
2026-06-30 07:05:40: Copy New 'C:/Users/grabacr/VPSsync/01-WorkspaceSync/modelica-shared/CustomLib/WalkingInWorldOfThermoFluid/.git/objects/bf/2b6fb89173cc2ea749a757cdcefbdbe809dc56' -> 'sftp://os3-310-44666.vs.sakura.ne.jp/home/ubuntu/VPSsync/01-WorkspaceSync/modelica-shared/CustomLib/WalkingInWorldOfThermoFluid/.git/objects/bf/2b6fb89173cc2ea749a757cdcefbdbe809dc56' (871)
2026-06-30 07:05:40: Copy New 'C:/Users/grabacr/VPSsync/01-WorkspaceSync/modelica-shared/CustomLib/WalkingInWorldOfThermoFluid/.git/objects/c1/a17f9adf50e525e33b44ca6d74058c7832def3' -> 'sftp://os3-310-44666.vs.sakura.ne.jp/home/ubuntu/VPSsync/01-WorkspaceSync/modelica-shared/CustomLib/WalkingInWorldOfThermoFluid/.git/objects/c1/a17f9adf50e525e33b44ca6d74058c7832def3' (79)
2026-06-30 07:05:41: Copy New 'C:/Users/grabacr/VPSsync/01-WorkspaceSync/modelica-shared/CustomLib/WalkingInWorldOfThermoFluid/.git/objects/c3/877418994d520236d7ab4370ae914111c8fb38' -> 'sftp://os3-310-44666.vs.sakura.ne.jp/home/ubuntu/VPSsync/01-WorkspaceSync/modelica-shared/CustomLib/WalkingInWorldOfThermoFluid/.git/objects/c3/877418994d520236d7ab4370ae914111c8fb38' (867)
2026-06-30 07:05:41: Copy New 'C:/Users/grabacr/VPSsync/01-WorkspaceSync/modelica-shared/CustomLib/WalkingInWorldOfThermoFluid/.git/objects/cb/59471f85e601df26b6fb8ab73379057635d188' -> 'sftp://os3-310-44666.vs.sakura.ne.jp/home/ubuntu/VPSsync/01-WorkspaceSync/modelica-shared/CustomLib/WalkingInWorldOfThermoFluid/.git/objects/cb/59471f85e601df26b6fb8ab73379057635d188' (871)
2026-06-30 07:05:41: Copy New 'C:/Users/grabacr/VPSsync/01-WorkspaceSync/modelica-shared/CustomLib/WalkingInWorldOfThermoFluid/.git/objects/ca/ecb8cea90ea5a3451c3f2c948ae5ae6b06f73d' -> 'sftp://os3-310-44666.vs.sakura.ne.jp/home/ubuntu/VPSsync/01-WorkspaceSync/modelica-shared/CustomLib/WalkingInWorldOfThermoFluid/.git/objects/ca/ecb8cea90ea5a3451c3f2c948ae5ae6b06f73d' (814)
2026-06-30 07:05:41: Copy New 'C:/Users/grabacr/VPSsync/01-WorkspaceSync/modelica-shared/CustomLib/WalkingInWorldOfThermoFluid/.git/objects/d5/4f20a7c8a3e588e5b88147d51727382df66fac' -> 'sftp://os3-310-44666.vs.sakura.ne.jp/home/ubuntu/VPSsync/01-WorkspaceSync/modelica-shared/CustomLib/WalkingInWorldOfThermoFluid/.git/objects/d5/4f20a7c8a3e588e5b88147d51727382df66fac' (814)
2026-06-30 07:05:41: Copy New 'C:/Users/grabacr/VPSsync/01-WorkspaceSync/modelica-shared/CustomLib/WalkingInWorldOfThermoFluid/.git/objects/db/c9214bbb6cf348194184b864cfb83c9f7dbf2f' -> 'sftp://os3-310-44666.vs.sakura.ne.jp/home/ubuntu/VPSsync/01-WorkspaceSync/modelica-shared/CustomLib/WalkingInWorldOfThermoFluid/.git/objects/db/c9214bbb6cf348194184b864cfb83c9f7dbf2f' (871)
2026-06-30 07:05:41: Copy New 'C:/Users/grabacr/VPSsync/01-WorkspaceSync/modelica-shared/CustomLib/WalkingInWorldOfThermoFluid/.git/objects/d6/dfa5436f481deeaafbc6e23079f58479db9c5f' -> 'sftp://os3-310-44666.vs.sakura.ne.jp/home/ubuntu/VPSsync/01-WorkspaceSync/modelica-shared/CustomLib/WalkingInWorldOfThermoFluid/.git/objects/d6/dfa5436f481deeaafbc6e23079f58479db9c5f' (761)
2026-06-30 07:05:41: Copy New 'C:/Users/grabacr/VPSsync/01-WorkspaceSync/modelica-shared/CustomLib/WalkingInWorldOfThermoFluid/.git/objects/dc/c742d174f501bb802d4419336574f138535151' -> 'sftp://os3-310-44666.vs.sakura.ne.jp/home/ubuntu/VPSsync/01-WorkspaceSync/modelica-shared/CustomLib/WalkingInWorldOfThermoFluid/.git/objects/dc/c742d174f501bb802d4419336574f138535151' (914)
2026-06-30 07:05:41: Copy New 'C:/Users/grabacr/VPSsync/01-WorkspaceSync/modelica-shared/CustomLib/WalkingInWorldOfThermoFluid/.git/objects/de/9aaf0dc09ff9fb46721c7e8e29f2ff1ef9e454' -> 'sftp://os3-310-44666.vs.sakura.ne.jp/home/ubuntu/VPSsync/01-WorkspaceSync/modelica-shared/CustomLib/WalkingInWorldOfThermoFluid/.git/objects/de/9aaf0dc09ff9fb46721c7e8e29f2ff1ef9e454' (814)
2026-06-30 07:05:41: Copy New 'C:/Users/grabacr/VPSsync/01-WorkspaceSync/modelica-shared/CustomLib/WalkingInWorldOfThermoFluid/.git/objects/df/34617752a6743c8a9a81885ecbb640e5688528' -> 'sftp://os3-310-44666.vs.sakura.ne.jp/home/ubuntu/VPSsync/01-WorkspaceSync/modelica-shared/CustomLib/WalkingInWorldOfThermoFluid/.git/objects/df/34617752a6743c8a9a81885ecbb640e5688528' (869)
2026-06-30 07:05:41: Copy New 'C:/Users/grabacr/VPSsync/01-WorkspaceSync/modelica-shared/CustomLib/WalkingInWorldOfThermoFluid/.git/objects/e0/ecd2a26f3a7b11cd2dcb750e21d300598634e0' -> 'sftp://os3-310-44666.vs.sakura.ne.jp/home/ubuntu/VPSsync/01-WorkspaceSync/modelica-shared/CustomLib/WalkingInWorldOfThermoFluid/.git/objects/e0/ecd2a26f3a7b11cd2dcb750e21d300598634e0' (617)
2026-06-30 07:05:41: Copy New 'C:/Users/grabacr/VPSsync/01-WorkspaceSync/modelica-shared/CustomLib/WalkingInWorldOfThermoFluid/.git/objects/e2/0ac7287821e0d58832eed200d58e21314322f6' -> 'sftp://os3-310-44666.vs.sakura.ne.jp/home/ubuntu/VPSsync/01-WorkspaceSync/modelica-shared/CustomLib/WalkingInWorldOfThermoFluid/.git/objects/e2/0ac7287821e0d58832eed200d58e21314322f6' (892)
2026-06-30 07:05:41: Copy New 'C:/Users/grabacr/VPSsync/01-WorkspaceSync/modelica-shared/CustomLib/WalkingInWorldOfThermoFluid/.git/objects/e7/8a513b29b42e80c30a8ad2d6ebf7e66a58e3d1' -> 'sftp://os3-310-44666.vs.sakura.ne.jp/home/ubuntu/VPSsync/01-WorkspaceSync/modelica-shared/CustomLib/WalkingInWorldOfThermoFluid/.git/objects/e7/8a513b29b42e80c30a8ad2d6ebf7e66a58e3d1' (869)
2026-06-30 07:05:41: Copy New 'C:/Users/grabacr/VPSsync/01-WorkspaceSync/modelica-shared/CustomLib/WalkingInWorldOfThermoFluid/.git/objects/e7/b3e63204cb2b9e7bd8a374930e64b8bd86e7e4' -> 'sftp://os3-310-44666.vs.sakura.ne.jp/home/ubuntu/VPSsync/01-WorkspaceSync/modelica-shared/CustomLib/WalkingInWorldOfThermoFluid/.git/objects/e7/b3e63204cb2b9e7bd8a374930e64b8bd86e7e4' (759)
2026-06-30 07:05:41: Copy New 'C:/Users/grabacr/VPSsync/01-WorkspaceSync/modelica-shared/CustomLib/WalkingInWorldOfThermoFluid/.git/objects/e3/42f564cca487a26c7d211789ed95aff18926be' -> 'sftp://os3-310-44666.vs.sakura.ne.jp/home/ubuntu/VPSsync/01-WorkspaceSync/modelica-shared/CustomLib/WalkingInWorldOfThermoFluid/.git/objects/e3/42f564cca487a26c7d211789ed95aff18926be' (812)
2026-06-30 07:05:41: Copy New 'C:/Users/grabacr/VPSsync/01-WorkspaceSync/modelica-shared/CustomLib/WalkingInWorldOfThermoFluid/.git/objects/e3/0bbdb96d93828fb8a8ef916b069a59c80a0842' -> 'sftp://os3-310-44666.vs.sakura.ne.jp/home/ubuntu/VPSsync/01-WorkspaceSync/modelica-shared/CustomLib/WalkingInWorldOfThermoFluid/.git/objects/e3/0bbdb96d93828fb8a8ef916b069a59c80a0842' (761)
2026-06-30 07:05:41: Copy New 'C:/Users/grabacr/VPSsync/01-WorkspaceSync/modelica-shared/CustomLib/WalkingInWorldOfThermoFluid/.git/objects/f1/159dcf5b5def1c9d02c5885f1fd45c4b17ae1e' -> 'sftp://os3-310-44666.vs.sakura.ne.jp/home/ubuntu/VPSsync/01-WorkspaceSync/modelica-shared/CustomLib/WalkingInWorldOfThermoFluid/.git/objects/f1/159dcf5b5def1c9d02c5885f1fd45c4b17ae1e' (875)
2026-06-30 07:05:41: Copy New 'C:/Users/grabacr/VPSsync/01-WorkspaceSync/modelica-shared/CustomLib/WalkingInWorldOfThermoFluid/.git/objects/f4/b58945b7c7cf807f35a6fb1cd242f56764192e' -> 'sftp://os3-310-44666.vs.sakura.ne.jp/home/ubuntu/VPSsync/01-WorkspaceSync/modelica-shared/CustomLib/WalkingInWorldOfThermoFluid/.git/objects/f4/b58945b7c7cf807f35a6fb1cd242f56764192e' (4,407)
2026-06-30 07:05:41: Copy New 'C:/Users/grabacr/VPSsync/01-WorkspaceSync/modelica-shared/CustomLib/WalkingInWorldOfThermoFluid/.git/objects/ea/f1260e47daa16c9473c138ec42e17ddea662e6' -> 'sftp://os3-310-44666.vs.sakura.ne.jp/home/ubuntu/VPSsync/01-WorkspaceSync/modelica-shared/CustomLib/WalkingInWorldOfThermoFluid/.git/objects/ea/f1260e47daa16c9473c138ec42e17ddea662e6' (179)
2026-06-30 07:05:41: Copy New 'C:/Users/grabacr/VPSsync/01-WorkspaceSync/modelica-shared/CustomLib/WalkingInWorldOfThermoFluid/.git/objects/fa/e24c03987ae6d5e25194bfa53eeb34e878a480' -> 'sftp://os3-310-44666.vs.sakura.ne.jp/home/ubuntu/VPSsync/01-WorkspaceSync/modelica-shared/CustomLib/WalkingInWorldOfThermoFluid/.git/objects/fa/e24c03987ae6d5e25194bfa53eeb34e878a480' (867)
2026-06-30 07:05:41: Copy New 'C:/Users/grabacr/VPSsync/01-WorkspaceSync/modelica-shared/CustomLib/WalkingInWorldOfThermoFluid/.git/objects/ff/76eb07fc07a4f69c982767b69f04252e7eabb8' -> 'sftp://os3-310-44666.vs.sakura.ne.jp/home/ubuntu/VPSsync/01-WorkspaceSync/modelica-shared/CustomLib/WalkingInWorldOfThermoFluid/.git/objects/ff/76eb07fc07a4f69c982767b69f04252e7eabb8' (873)
2026-06-30 07:05:42: Save State File C:/Users/grabacr/VPSsync/01-WorkspaceSync/modelica-shared/CustomLib/WalkingInWorldOfThermoFluid/_gsdata_/_file_state_v4._gs
2026-06-30 07:05:43: Save State File sftp://os3-310-44666.vs.sakura.ne.jp/home/ubuntu/VPSsync/01-WorkspaceSync/modelica-shared/CustomLib/WalkingInWorldOfThermoFluid/_gsdata_/_file_state_v4._gs
2026-06-30 07:05:43: == Sync Complete. Time: 00:00:09, Speed: 85.65 KB/s, OK: 107, Errors: 0
