2026-07-02 06:29:08: Server: SSH-2.0-OpenSSH_9.6p1 Ubuntu-3ubuntu13.16
2026-07-02 06:29:08: Server KEXes: sntrup761x25519-sha512@openssh.com,curve25519-sha256,curve25519-sha256@libssh.org,ecdh-sha2-nistp256,ecdh-sha2-nistp384,ecdh-sha2-nistp521,diffie-hellman-group-exchange-sha256,diffie-hellman-group16-sha512,diffie-hellman-group18-sha512,diffie-hellman-group14-sha256,ext-info-s,kex-strict-s-v00@openssh.com
2026-07-02 06:29:08: Server Host Keys: rsa-sha2-512,rsa-sha2-256,ecdsa-sha2-nistp256,ssh-ed25519
2026-07-02 06:29:08: Chosen Host Key: ssh-ed25519
2026-07-02 06:29:08: Ciphers: chacha20-poly1305@openssh.com,aes128-ctr,aes192-ctr,aes256-ctr,aes128-gcm@openssh.com,aes256-gcm@openssh.com
2026-07-02 06:29:08: MACs: umac-64-etm@openssh.com,umac-128-etm@openssh.com,hmac-sha2-256-etm@openssh.com,hmac-sha2-512-etm@openssh.com,hmac-sha1-etm@openssh.com,umac-64@openssh.com,umac-128@openssh.com,hmac-sha2-256,hmac-sha2-512,hmac-sha1
2026-07-02 06:29:08: Server ext-info: publickey-hostbound@openssh.com: 0
2026-07-02 06:29:08: Server ext-info: server-sig-algs: ssh-ed25519,ecdsa-sha2-nistp256,ecdsa-sha2-nistp384,ecdsa-sha2-nistp521,sk-ssh-ed25519@openssh.com,sk-ecdsa-sha2-nistp256@openssh.com,rsa-sha2-512,rsa-sha2-256
2026-07-02 06:29:08: Server ext-info: ping@openssh.com: 0
2026-07-02 06:29:08: Auth: start: publickey
2026-07-02 06:29:08: Auth: publickey: no keys available
2026-07-02 06:29:08: Auth: start: password
2026-07-02 06:29:10: -- Analysis Started by On File Change, After Delay
2026-07-02 06:29:10: Changes: 41, Conflicts: 0, CopyTime: 0, FixState: 0, Errors: 0, All: 4021
2026-07-02 06:29:10: Left to Right: Copy File: 41 
2026-07-02 06:29:10: == Sync Started by On File Change, After Delay
2026-07-02 06:29:10: ConnectCloned connected to file:///~grabacr/VPSsync/01-WorkspaceSync/modelica-shared/CustomLib/WalkingInWorldOfThermoFluid
2026-07-02 06:29:10: ConnectCloned connected to file:///~grabacr/VPSsync/01-WorkspaceSync/modelica-shared/CustomLib/WalkingInWorldOfThermoFluid
2026-07-02 06:29:10: ConnectCloned connected to file:///~grabacr/VPSsync/01-WorkspaceSync/modelica-shared/CustomLib/WalkingInWorldOfThermoFluid
2026-07-02 06:29:10: Server: SSH-2.0-OpenSSH_9.6p1 Ubuntu-3ubuntu13.16
2026-07-02 06:29:10: Server: SSH-2.0-OpenSSH_9.6p1 Ubuntu-3ubuntu13.16
2026-07-02 06:29:10: Server: SSH-2.0-OpenSSH_9.6p1 Ubuntu-3ubuntu13.16
2026-07-02 06:29:10: Server KEXes: sntrup761x25519-sha512@openssh.com,curve25519-sha256,curve25519-sha256@libssh.org,ecdh-sha2-nistp256,ecdh-sha2-nistp384,ecdh-sha2-nistp521,diffie-hellman-group-exchange-sha256,diffie-hellman-group16-sha512,diffie-hellman-group18-sha512,diffie-hellman-group14-sha256,ext-info-s,kex-strict-s-v00@openssh.com
2026-07-02 06:29:10: Server Host Keys: rsa-sha2-512,rsa-sha2-256,ecdsa-sha2-nistp256,ssh-ed25519
2026-07-02 06:29:10: Chosen Host Key: ssh-ed25519
2026-07-02 06:29:10: Ciphers: chacha20-poly1305@openssh.com,aes128-ctr,aes192-ctr,aes256-ctr,aes128-gcm@openssh.com,aes256-gcm@openssh.com
2026-07-02 06:29:10: MACs: umac-64-etm@openssh.com,umac-128-etm@openssh.com,hmac-sha2-256-etm@openssh.com,hmac-sha2-512-etm@openssh.com,hmac-sha1-etm@openssh.com,umac-64@openssh.com,umac-128@openssh.com,hmac-sha2-256,hmac-sha2-512,hmac-sha1
2026-07-02 06:29:10: Server KEXes: sntrup761x25519-sha512@openssh.com,curve25519-sha256,curve25519-sha256@libssh.org,ecdh-sha2-nistp256,ecdh-sha2-nistp384,ecdh-sha2-nistp521,diffie-hellman-group-exchange-sha256,diffie-hellman-group16-sha512,diffie-hellman-group18-sha512,diffie-hellman-group14-sha256,ext-info-s,kex-strict-s-v00@openssh.com
2026-07-02 06:29:10: Server Host Keys: rsa-sha2-512,rsa-sha2-256,ecdsa-sha2-nistp256,ssh-ed25519
2026-07-02 06:29:10: Chosen Host Key: ssh-ed25519
2026-07-02 06:29:10: Ciphers: chacha20-poly1305@openssh.com,aes128-ctr,aes192-ctr,aes256-ctr,aes128-gcm@openssh.com,aes256-gcm@openssh.com
2026-07-02 06:29:10: MACs: umac-64-etm@openssh.com,umac-128-etm@openssh.com,hmac-sha2-256-etm@openssh.com,hmac-sha2-512-etm@openssh.com,hmac-sha1-etm@openssh.com,umac-64@openssh.com,umac-128@openssh.com,hmac-sha2-256,hmac-sha2-512,hmac-sha1
2026-07-02 06:29:10: Server KEXes: sntrup761x25519-sha512@openssh.com,curve25519-sha256,curve25519-sha256@libssh.org,ecdh-sha2-nistp256,ecdh-sha2-nistp384,ecdh-sha2-nistp521,diffie-hellman-group-exchange-sha256,diffie-hellman-group16-sha512,diffie-hellman-group18-sha512,diffie-hellman-group14-sha256,ext-info-s,kex-strict-s-v00@openssh.com
2026-07-02 06:29:10: Server Host Keys: rsa-sha2-512,rsa-sha2-256,ecdsa-sha2-nistp256,ssh-ed25519
2026-07-02 06:29:10: Chosen Host Key: ssh-ed25519
2026-07-02 06:29:10: Ciphers: chacha20-poly1305@openssh.com,aes128-ctr,aes192-ctr,aes256-ctr,aes128-gcm@openssh.com,aes256-gcm@openssh.com
2026-07-02 06:29:10: MACs: umac-64-etm@openssh.com,umac-128-etm@openssh.com,hmac-sha2-256-etm@openssh.com,hmac-sha2-512-etm@openssh.com,hmac-sha1-etm@openssh.com,umac-64@openssh.com,umac-128@openssh.com,hmac-sha2-256,hmac-sha2-512,hmac-sha1
2026-07-02 06:29:10: Server ext-info: publickey-hostbound@openssh.com: 0
2026-07-02 06:29:10: Server ext-info: server-sig-algs: ssh-ed25519,ecdsa-sha2-nistp256,ecdsa-sha2-nistp384,ecdsa-sha2-nistp521,sk-ssh-ed25519@openssh.com,sk-ecdsa-sha2-nistp256@openssh.com,rsa-sha2-512,rsa-sha2-256
2026-07-02 06:29:10: Server ext-info: ping@openssh.com: 0
2026-07-02 06:29:10: Server ext-info: publickey-hostbound@openssh.com: 0
2026-07-02 06:29:10: Server ext-info: server-sig-algs: ssh-ed25519,ecdsa-sha2-nistp256,ecdsa-sha2-nistp384,ecdsa-sha2-nistp521,sk-ssh-ed25519@openssh.com,sk-ecdsa-sha2-nistp256@openssh.com,rsa-sha2-512,rsa-sha2-256
2026-07-02 06:29:10: Server ext-info: ping@openssh.com: 0
2026-07-02 06:29:10: Server ext-info: publickey-hostbound@openssh.com: 0
2026-07-02 06:29:10: Server ext-info: server-sig-algs: ssh-ed25519,ecdsa-sha2-nistp256,ecdsa-sha2-nistp384,ecdsa-sha2-nistp521,sk-ssh-ed25519@openssh.com,sk-ecdsa-sha2-nistp256@openssh.com,rsa-sha2-512,rsa-sha2-256
2026-07-02 06:29:10: Server ext-info: ping@openssh.com: 0
2026-07-02 06:29:10: Auth: start: publickey
2026-07-02 06:29:10: Auth: start: publickey
2026-07-02 06:29:10: Auth: start: publickey
2026-07-02 06:29:10: Auth: publickey: no keys available
2026-07-02 06:29:10: Auth: publickey: no keys available
2026-07-02 06:29:10: Auth: start: password
2026-07-02 06:29:10: Auth: start: password
2026-07-02 06:29:10: Auth: publickey: no keys available
2026-07-02 06:29:10: Auth: start: password
2026-07-02 06:29:11: GsConnectAndSetRoot1 connected to sftp://os3-310-44666.vs.sakura.ne.jp/home/ubuntu/VPSsync/01-WorkspaceSync/modelica-shared/CustomLib/WalkingInWorldOfThermoFluid
2026-07-02 06:29:11: GsConnectAndSetRoot1 connected to sftp://os3-310-44666.vs.sakura.ne.jp/home/ubuntu/VPSsync/01-WorkspaceSync/modelica-shared/CustomLib/WalkingInWorldOfThermoFluid
2026-07-02 06:29:11: GsConnectAndSetRoot1 connected to sftp://os3-310-44666.vs.sakura.ne.jp/home/ubuntu/VPSsync/01-WorkspaceSync/modelica-shared/CustomLib/WalkingInWorldOfThermoFluid
2026-07-02 06:29:12: Copy Over 'C:/Users/grabacr/VPSsync/01-WorkspaceSync/modelica-shared/CustomLib/WalkingInWorldOfThermoFluid/.git/index' -> 'sftp://os3-310-44666.vs.sakura.ne.jp/home/ubuntu/VPSsync/01-WorkspaceSync/modelica-shared/CustomLib/WalkingInWorldOfThermoFluid/.git/index' (69,852)
2026-07-02 06:29:12: Copy Over 'C:/Users/grabacr/VPSsync/01-WorkspaceSync/modelica-shared/CustomLib/WalkingInWorldOfThermoFluid/.git/COMMIT_EDITMSG' -> 'sftp://os3-310-44666.vs.sakura.ne.jp/home/ubuntu/VPSsync/01-WorkspaceSync/modelica-shared/CustomLib/WalkingInWorldOfThermoFluid/.git/COMMIT_EDITMSG' (11)
2026-07-02 06:29:12: Copy Over 'C:/Users/grabacr/VPSsync/01-WorkspaceSync/modelica-shared/CustomLib/WalkingInWorldOfThermoFluid/.git/logs/HEAD' -> 'sftp://os3-310-44666.vs.sakura.ne.jp/home/ubuntu/VPSsync/01-WorkspaceSync/modelica-shared/CustomLib/WalkingInWorldOfThermoFluid/.git/logs/HEAD' (30,193)
2026-07-02 06:29:12: Copy New 'C:/Users/grabacr/VPSsync/01-WorkspaceSync/modelica-shared/CustomLib/WalkingInWorldOfThermoFluid/.git/objects/11/0f88603efb9bc5c2e531cc4b9cfd980a86691f' -> 'sftp://os3-310-44666.vs.sakura.ne.jp/home/ubuntu/VPSsync/01-WorkspaceSync/modelica-shared/CustomLib/WalkingInWorldOfThermoFluid/.git/objects/11/0f88603efb9bc5c2e531cc4b9cfd980a86691f' (894)
2026-07-02 06:29:12: Copy New 'C:/Users/grabacr/VPSsync/01-WorkspaceSync/modelica-shared/CustomLib/WalkingInWorldOfThermoFluid/.git/objects/0f/9af513bafebf358fac8f2bbe781b0ae1a14dd8' -> 'sftp://os3-310-44666.vs.sakura.ne.jp/home/ubuntu/VPSsync/01-WorkspaceSync/modelica-shared/CustomLib/WalkingInWorldOfThermoFluid/.git/objects/0f/9af513bafebf358fac8f2bbe781b0ae1a14dd8' (172)
2026-07-02 06:29:12: Copy New 'C:/Users/grabacr/VPSsync/01-WorkspaceSync/modelica-shared/CustomLib/WalkingInWorldOfThermoFluid/.git/objects/16/8d5e685d8e3204b118c8183a8c929b9e0cfdb9' -> 'sftp://os3-310-44666.vs.sakura.ne.jp/home/ubuntu/VPSsync/01-WorkspaceSync/modelica-shared/CustomLib/WalkingInWorldOfThermoFluid/.git/objects/16/8d5e685d8e3204b118c8183a8c929b9e0cfdb9' (892)
2026-07-02 06:29:12: Copy Over 'C:/Users/grabacr/VPSsync/01-WorkspaceSync/modelica-shared/CustomLib/WalkingInWorldOfThermoFluid/.git/logs/refs/heads/master' -> 'sftp://os3-310-44666.vs.sakura.ne.jp/home/ubuntu/VPSsync/01-WorkspaceSync/modelica-shared/CustomLib/WalkingInWorldOfThermoFluid/.git/logs/refs/heads/master' (30,193)
2026-07-02 06:29:12: Copy New 'C:/Users/grabacr/VPSsync/01-WorkspaceSync/modelica-shared/CustomLib/WalkingInWorldOfThermoFluid/.git/objects/2f/7d4f3769bab0859a6bc9078f591622d7de37e5' -> 'sftp://os3-310-44666.vs.sakura.ne.jp/home/ubuntu/VPSsync/01-WorkspaceSync/modelica-shared/CustomLib/WalkingInWorldOfThermoFluid/.git/objects/2f/7d4f3769bab0859a6bc9078f591622d7de37e5' (3,267)
2026-07-02 06:29:12: Copy New 'C:/Users/grabacr/VPSsync/01-WorkspaceSync/modelica-shared/CustomLib/WalkingInWorldOfThermoFluid/.git/objects/35/8acf98c15aa7af96da660f307792d2f53ddad5' -> 'sftp://os3-310-44666.vs.sakura.ne.jp/home/ubuntu/VPSsync/01-WorkspaceSync/modelica-shared/CustomLib/WalkingInWorldOfThermoFluid/.git/objects/35/8acf98c15aa7af96da660f307792d2f53ddad5' (892)
2026-07-02 06:29:12: Copy New 'C:/Users/grabacr/VPSsync/01-WorkspaceSync/modelica-shared/CustomLib/WalkingInWorldOfThermoFluid/.git/objects/3b/7fd53eb2aba8b5f0d19dea7d62a43517bb2a4d' -> 'sftp://os3-310-44666.vs.sakura.ne.jp/home/ubuntu/VPSsync/01-WorkspaceSync/modelica-shared/CustomLib/WalkingInWorldOfThermoFluid/.git/objects/3b/7fd53eb2aba8b5f0d19dea7d62a43517bb2a4d' (764)
2026-07-02 06:29:12: Copy New 'C:/Users/grabacr/VPSsync/01-WorkspaceSync/modelica-shared/CustomLib/WalkingInWorldOfThermoFluid/.git/objects/42/de17358db6330f451fa8bca2d0541a8fde0d57' -> 'sftp://os3-310-44666.vs.sakura.ne.jp/home/ubuntu/VPSsync/01-WorkspaceSync/modelica-shared/CustomLib/WalkingInWorldOfThermoFluid/.git/objects/42/de17358db6330f451fa8bca2d0541a8fde0d57' (888)
2026-07-02 06:29:12: Copy New 'C:/Users/grabacr/VPSsync/01-WorkspaceSync/modelica-shared/CustomLib/WalkingInWorldOfThermoFluid/.git/objects/45/fe912144833f24afb021b339f37881c31e8276' -> 'sftp://os3-310-44666.vs.sakura.ne.jp/home/ubuntu/VPSsync/01-WorkspaceSync/modelica-shared/CustomLib/WalkingInWorldOfThermoFluid/.git/objects/45/fe912144833f24afb021b339f37881c31e8276' (917)
2026-07-02 06:29:13: Copy New 'C:/Users/grabacr/VPSsync/01-WorkspaceSync/modelica-shared/CustomLib/WalkingInWorldOfThermoFluid/.git/objects/4a/0c6c153dc09b2d1a43f236b55b68c7eea8ea7b' -> 'sftp://os3-310-44666.vs.sakura.ne.jp/home/ubuntu/VPSsync/01-WorkspaceSync/modelica-shared/CustomLib/WalkingInWorldOfThermoFluid/.git/objects/4a/0c6c153dc09b2d1a43f236b55b68c7eea8ea7b' (891)
2026-07-02 06:29:13: Copy New 'C:/Users/grabacr/VPSsync/01-WorkspaceSync/modelica-shared/CustomLib/WalkingInWorldOfThermoFluid/.git/objects/4d/4fbb4fd980d7ddd140f3863a06db7bd854dbc4' -> 'sftp://os3-310-44666.vs.sakura.ne.jp/home/ubuntu/VPSsync/01-WorkspaceSync/modelica-shared/CustomLib/WalkingInWorldOfThermoFluid/.git/objects/4d/4fbb4fd980d7ddd140f3863a06db7bd854dbc4' (1,130)
2026-07-02 06:29:13: Copy New 'C:/Users/grabacr/VPSsync/01-WorkspaceSync/modelica-shared/CustomLib/WalkingInWorldOfThermoFluid/.git/objects/4f/695322d189ea12326e718d6ecffb9cd96a86d6' -> 'sftp://os3-310-44666.vs.sakura.ne.jp/home/ubuntu/VPSsync/01-WorkspaceSync/modelica-shared/CustomLib/WalkingInWorldOfThermoFluid/.git/objects/4f/695322d189ea12326e718d6ecffb9cd96a86d6' (891)
2026-07-02 06:29:13: Copy New 'C:/Users/grabacr/VPSsync/01-WorkspaceSync/modelica-shared/CustomLib/WalkingInWorldOfThermoFluid/.git/objects/4d/5fdfa254c862a8da5e733b8cf5ed79635052cd' -> 'sftp://os3-310-44666.vs.sakura.ne.jp/home/ubuntu/VPSsync/01-WorkspaceSync/modelica-shared/CustomLib/WalkingInWorldOfThermoFluid/.git/objects/4d/5fdfa254c862a8da5e733b8cf5ed79635052cd' (890)
2026-07-02 06:29:13: Copy New 'C:/Users/grabacr/VPSsync/01-WorkspaceSync/modelica-shared/CustomLib/WalkingInWorldOfThermoFluid/.git/objects/52/7373014865a1b356c7a4077b4325a9ac7605fe' -> 'sftp://os3-310-44666.vs.sakura.ne.jp/home/ubuntu/VPSsync/01-WorkspaceSync/modelica-shared/CustomLib/WalkingInWorldOfThermoFluid/.git/objects/52/7373014865a1b356c7a4077b4325a9ac7605fe' (888)
2026-07-02 06:29:13: Copy New 'C:/Users/grabacr/VPSsync/01-WorkspaceSync/modelica-shared/CustomLib/WalkingInWorldOfThermoFluid/.git/objects/56/d520801f74486021ae4f12a3d786057f85fd56' -> 'sftp://os3-310-44666.vs.sakura.ne.jp/home/ubuntu/VPSsync/01-WorkspaceSync/modelica-shared/CustomLib/WalkingInWorldOfThermoFluid/.git/objects/56/d520801f74486021ae4f12a3d786057f85fd56' (893)
2026-07-02 06:29:13: Copy New 'C:/Users/grabacr/VPSsync/01-WorkspaceSync/modelica-shared/CustomLib/WalkingInWorldOfThermoFluid/.git/objects/60/6eda29a30b9bc783d05cfa9cd8e18f46bd8364' -> 'sftp://os3-310-44666.vs.sakura.ne.jp/home/ubuntu/VPSsync/01-WorkspaceSync/modelica-shared/CustomLib/WalkingInWorldOfThermoFluid/.git/objects/60/6eda29a30b9bc783d05cfa9cd8e18f46bd8364' (220)
2026-07-02 06:29:13: Copy New 'C:/Users/grabacr/VPSsync/01-WorkspaceSync/modelica-shared/CustomLib/WalkingInWorldOfThermoFluid/.git/objects/64/f74b1527dda0b45add3c5899f52d1b651480fa' -> 'sftp://os3-310-44666.vs.sakura.ne.jp/home/ubuntu/VPSsync/01-WorkspaceSync/modelica-shared/CustomLib/WalkingInWorldOfThermoFluid/.git/objects/64/f74b1527dda0b45add3c5899f52d1b651480fa' (179)
2026-07-02 06:29:13: Copy New 'C:/Users/grabacr/VPSsync/01-WorkspaceSync/modelica-shared/CustomLib/WalkingInWorldOfThermoFluid/.git/objects/7a/b16b78669937c44bf574f9cb5e323cfab5b8b6' -> 'sftp://os3-310-44666.vs.sakura.ne.jp/home/ubuntu/VPSsync/01-WorkspaceSync/modelica-shared/CustomLib/WalkingInWorldOfThermoFluid/.git/objects/7a/b16b78669937c44bf574f9cb5e323cfab5b8b6' (484)
2026-07-02 06:29:13: Copy New 'C:/Users/grabacr/VPSsync/01-WorkspaceSync/modelica-shared/CustomLib/WalkingInWorldOfThermoFluid/.git/objects/8d/f7743322d3555cdfd3c5256416a72e497b1efc' -> 'sftp://os3-310-44666.vs.sakura.ne.jp/home/ubuntu/VPSsync/01-WorkspaceSync/modelica-shared/CustomLib/WalkingInWorldOfThermoFluid/.git/objects/8d/f7743322d3555cdfd3c5256416a72e497b1efc' (892)
2026-07-02 06:29:13: Copy New 'C:/Users/grabacr/VPSsync/01-WorkspaceSync/modelica-shared/CustomLib/WalkingInWorldOfThermoFluid/.git/objects/8f/9eb50907c989c7b2791ffafebe54319af11b77' -> 'sftp://os3-310-44666.vs.sakura.ne.jp/home/ubuntu/VPSsync/01-WorkspaceSync/modelica-shared/CustomLib/WalkingInWorldOfThermoFluid/.git/objects/8f/9eb50907c989c7b2791ffafebe54319af11b77' (890)
2026-07-02 06:29:13: Copy New 'C:/Users/grabacr/VPSsync/01-WorkspaceSync/modelica-shared/CustomLib/WalkingInWorldOfThermoFluid/.git/objects/9d/12b6a390066693ef83bd0ad9d641fd8a2b675c' -> 'sftp://os3-310-44666.vs.sakura.ne.jp/home/ubuntu/VPSsync/01-WorkspaceSync/modelica-shared/CustomLib/WalkingInWorldOfThermoFluid/.git/objects/9d/12b6a390066693ef83bd0ad9d641fd8a2b675c' (760)
2026-07-02 06:29:13: Copy New 'C:/Users/grabacr/VPSsync/01-WorkspaceSync/modelica-shared/CustomLib/WalkingInWorldOfThermoFluid/.git/objects/90/56ec66f0dea00d7d44946f618b2c84656315db' -> 'sftp://os3-310-44666.vs.sakura.ne.jp/home/ubuntu/VPSsync/01-WorkspaceSync/modelica-shared/CustomLib/WalkingInWorldOfThermoFluid/.git/objects/90/56ec66f0dea00d7d44946f618b2c84656315db' (1,149)
2026-07-02 06:29:13: Copy New 'C:/Users/grabacr/VPSsync/01-WorkspaceSync/modelica-shared/CustomLib/WalkingInWorldOfThermoFluid/.git/objects/b0/82129884f7321e4e7dc09c5fb77b3c80309e53' -> 'sftp://os3-310-44666.vs.sakura.ne.jp/home/ubuntu/VPSsync/01-WorkspaceSync/modelica-shared/CustomLib/WalkingInWorldOfThermoFluid/.git/objects/b0/82129884f7321e4e7dc09c5fb77b3c80309e53' (891)
2026-07-02 06:29:13: Copy New 'C:/Users/grabacr/VPSsync/01-WorkspaceSync/modelica-shared/CustomLib/WalkingInWorldOfThermoFluid/.git/objects/b7/9b09917c62c4d76ae516f43a5174c4905081c9' -> 'sftp://os3-310-44666.vs.sakura.ne.jp/home/ubuntu/VPSsync/01-WorkspaceSync/modelica-shared/CustomLib/WalkingInWorldOfThermoFluid/.git/objects/b7/9b09917c62c4d76ae516f43a5174c4905081c9' (1,417)
2026-07-02 06:29:13: Copy New 'C:/Users/grabacr/VPSsync/01-WorkspaceSync/modelica-shared/CustomLib/WalkingInWorldOfThermoFluid/.git/objects/b6/e3067d538e4742dbc8bc7cea8e53aa32378937' -> 'sftp://os3-310-44666.vs.sakura.ne.jp/home/ubuntu/VPSsync/01-WorkspaceSync/modelica-shared/CustomLib/WalkingInWorldOfThermoFluid/.git/objects/b6/e3067d538e4742dbc8bc7cea8e53aa32378937' (890)
2026-07-02 06:29:13: Copy New 'C:/Users/grabacr/VPSsync/01-WorkspaceSync/modelica-shared/CustomLib/WalkingInWorldOfThermoFluid/.git/objects/c5/cc7c3b7d54e00f9be7a11e9ce328729b14b660' -> 'sftp://os3-310-44666.vs.sakura.ne.jp/home/ubuntu/VPSsync/01-WorkspaceSync/modelica-shared/CustomLib/WalkingInWorldOfThermoFluid/.git/objects/c5/cc7c3b7d54e00f9be7a11e9ce328729b14b660' (890)
2026-07-02 06:29:13: Copy New 'C:/Users/grabacr/VPSsync/01-WorkspaceSync/modelica-shared/CustomLib/WalkingInWorldOfThermoFluid/.git/objects/c8/7b8966576b98c51272e9c4d59243f5c5defc04' -> 'sftp://os3-310-44666.vs.sakura.ne.jp/home/ubuntu/VPSsync/01-WorkspaceSync/modelica-shared/CustomLib/WalkingInWorldOfThermoFluid/.git/objects/c8/7b8966576b98c51272e9c4d59243f5c5defc04' (892)
2026-07-02 06:29:13: Copy New 'C:/Users/grabacr/VPSsync/01-WorkspaceSync/modelica-shared/CustomLib/WalkingInWorldOfThermoFluid/.git/objects/d4/6b8d884fbaf60b598e779ec286d7db717939b7' -> 'sftp://os3-310-44666.vs.sakura.ne.jp/home/ubuntu/VPSsync/01-WorkspaceSync/modelica-shared/CustomLib/WalkingInWorldOfThermoFluid/.git/objects/d4/6b8d884fbaf60b598e779ec286d7db717939b7' (619)
2026-07-02 06:29:13: Copy New 'C:/Users/grabacr/VPSsync/01-WorkspaceSync/modelica-shared/CustomLib/WalkingInWorldOfThermoFluid/.git/objects/ee/0255ab1393e790d3b34168c0cd90930ff3055e' -> 'sftp://os3-310-44666.vs.sakura.ne.jp/home/ubuntu/VPSsync/01-WorkspaceSync/modelica-shared/CustomLib/WalkingInWorldOfThermoFluid/.git/objects/ee/0255ab1393e790d3b34168c0cd90930ff3055e' (932)
2026-07-02 06:29:13: Copy New 'C:/Users/grabacr/VPSsync/01-WorkspaceSync/modelica-shared/CustomLib/WalkingInWorldOfThermoFluid/.git/objects/f2/19500d5159e9d6c954e760f48324a5ed2a3461' -> 'sftp://os3-310-44666.vs.sakura.ne.jp/home/ubuntu/VPSsync/01-WorkspaceSync/modelica-shared/CustomLib/WalkingInWorldOfThermoFluid/.git/objects/f2/19500d5159e9d6c954e760f48324a5ed2a3461' (5,401)
2026-07-02 06:29:13: Copy New 'C:/Users/grabacr/VPSsync/01-WorkspaceSync/modelica-shared/CustomLib/WalkingInWorldOfThermoFluid/.git/objects/e7/b32df35f058f3ce57cb7439a8bf5b3d8ae3639' -> 'sftp://os3-310-44666.vs.sakura.ne.jp/home/ubuntu/VPSsync/01-WorkspaceSync/modelica-shared/CustomLib/WalkingInWorldOfThermoFluid/.git/objects/e7/b32df35f058f3ce57cb7439a8bf5b3d8ae3639' (5,230)
2026-07-02 06:29:14: Copy New 'C:/Users/grabacr/VPSsync/01-WorkspaceSync/modelica-shared/CustomLib/WalkingInWorldOfThermoFluid/.git/objects/f6/f923f3b69ff7a4ecc6dadc195a09abf638c1e6' -> 'sftp://os3-310-44666.vs.sakura.ne.jp/home/ubuntu/VPSsync/01-WorkspaceSync/modelica-shared/CustomLib/WalkingInWorldOfThermoFluid/.git/objects/f6/f923f3b69ff7a4ecc6dadc195a09abf638c1e6' (891)
2026-07-02 06:29:14: Copy New 'C:/Users/grabacr/VPSsync/01-WorkspaceSync/modelica-shared/CustomLib/WalkingInWorldOfThermoFluid/.git/objects/fc/10cbd4e86a2ae45db905633a61379254385f0c' -> 'sftp://os3-310-44666.vs.sakura.ne.jp/home/ubuntu/VPSsync/01-WorkspaceSync/modelica-shared/CustomLib/WalkingInWorldOfThermoFluid/.git/objects/fc/10cbd4e86a2ae45db905633a61379254385f0c' (891)
2026-07-02 06:29:14: Copy New 'C:/Users/grabacr/VPSsync/01-WorkspaceSync/modelica-shared/CustomLib/WalkingInWorldOfThermoFluid/.git/objects/fe/415e17c4d074f5fe2fc42ea41c8b635c028c0c' -> 'sftp://os3-310-44666.vs.sakura.ne.jp/home/ubuntu/VPSsync/01-WorkspaceSync/modelica-shared/CustomLib/WalkingInWorldOfThermoFluid/.git/objects/fe/415e17c4d074f5fe2fc42ea41c8b635c028c0c' (4,576)
2026-07-02 06:29:14: Copy New 'C:/Users/grabacr/VPSsync/01-WorkspaceSync/modelica-shared/CustomLib/WalkingInWorldOfThermoFluid/.git/objects/f8/972d3971006b2f51a2a7b7741b213948304c72' -> 'sftp://os3-310-44666.vs.sakura.ne.jp/home/ubuntu/VPSsync/01-WorkspaceSync/modelica-shared/CustomLib/WalkingInWorldOfThermoFluid/.git/objects/f8/972d3971006b2f51a2a7b7741b213948304c72' (192,034)
2026-07-02 06:29:14: Copy New 'C:/Users/grabacr/VPSsync/01-WorkspaceSync/modelica-shared/CustomLib/WalkingInWorldOfThermoFluid/.git/objects/fe/ac52428972a11b6a33ffeacf2dd61e5d2803a4' -> 'sftp://os3-310-44666.vs.sakura.ne.jp/home/ubuntu/VPSsync/01-WorkspaceSync/modelica-shared/CustomLib/WalkingInWorldOfThermoFluid/.git/objects/fe/ac52428972a11b6a33ffeacf2dd61e5d2803a4' (890)
2026-07-02 06:29:14: C:/Users/grabacr/VPSsync/01-WorkspaceSync/modelica-shared/CustomLib/WalkingInWorldOfThermoFluid/.git/sourcetreeconfig.json: Source file has changed between Analyze and Sync from '[file] size=868 accu-time=2026-07-02 06:28:58 attr=Archive,WArchive cktype=0' to 'size=868 time=2026-07-02 06:29:11', noted in source file state
2026-07-02 06:29:14: Copy Over 'C:/Users/grabacr/VPSsync/01-WorkspaceSync/modelica-shared/CustomLib/WalkingInWorldOfThermoFluid/.git/sourcetreeconfig.json' -> 'sftp://os3-310-44666.vs.sakura.ne.jp/home/ubuntu/VPSsync/01-WorkspaceSync/modelica-shared/CustomLib/WalkingInWorldOfThermoFluid/.git/sourcetreeconfig.json' (868)
2026-07-02 06:29:14: Copy Over 'C:/Users/grabacr/VPSsync/01-WorkspaceSync/modelica-shared/CustomLib/WalkingInWorldOfThermoFluid/.git/refs/heads/master' -> 'sftp://os3-310-44666.vs.sakura.ne.jp/home/ubuntu/VPSsync/01-WorkspaceSync/modelica-shared/CustomLib/WalkingInWorldOfThermoFluid/.git/refs/heads/master' (41)
2026-07-02 06:29:14: Save State File C:/Users/grabacr/VPSsync/01-WorkspaceSync/modelica-shared/CustomLib/WalkingInWorldOfThermoFluid/_gsdata_/_file_state_v4._gs
2026-07-02 06:29:15: Save State File sftp://os3-310-44666.vs.sakura.ne.jp/home/ubuntu/VPSsync/01-WorkspaceSync/modelica-shared/CustomLib/WalkingInWorldOfThermoFluid/_gsdata_/_file_state_v4._gs
2026-07-02 06:29:18: == Sync Complete. Time: 00:00:08, Speed: 95.35 KB/s, OK: 41, Errors: 0
