2026-07-11 18:52:40: Server: SSH-2.0-OpenSSH_9.6p1 Ubuntu-3ubuntu13.16
2026-07-11 18:52:40: Server KEXes: sntrup761x25519-sha512@openssh.com,curve25519-sha256,curve25519-sha256@libssh.org,ecdh-sha2-nistp256,ecdh-sha2-nistp384,ecdh-sha2-nistp521,diffie-hellman-group-exchange-sha256,diffie-hellman-group16-sha512,diffie-hellman-group18-sha512,diffie-hellman-group14-sha256,ext-info-s,kex-strict-s-v00@openssh.com
2026-07-11 18:52:40: Server Host Keys: rsa-sha2-512,rsa-sha2-256,ecdsa-sha2-nistp256,ssh-ed25519
2026-07-11 18:52:40: Chosen Host Key: ssh-ed25519
2026-07-11 18:52:40: Ciphers: chacha20-poly1305@openssh.com,aes128-ctr,aes192-ctr,aes256-ctr,aes128-gcm@openssh.com,aes256-gcm@openssh.com
2026-07-11 18:52:40: MACs: umac-64-etm@openssh.com,umac-128-etm@openssh.com,hmac-sha2-256-etm@openssh.com,hmac-sha2-512-etm@openssh.com,hmac-sha1-etm@openssh.com,umac-64@openssh.com,umac-128@openssh.com,hmac-sha2-256,hmac-sha2-512,hmac-sha1
2026-07-11 18:52:40: Server ext-info: publickey-hostbound@openssh.com: 0
2026-07-11 18:52:40: Server ext-info: server-sig-algs: ssh-ed25519,ecdsa-sha2-nistp256,ecdsa-sha2-nistp384,ecdsa-sha2-nistp521,sk-ssh-ed25519@openssh.com,sk-ecdsa-sha2-nistp256@openssh.com,rsa-sha2-512,rsa-sha2-256
2026-07-11 18:52:40: Server ext-info: ping@openssh.com: 0
2026-07-11 18:52:40: Auth: start: publickey
2026-07-11 18:52:40: Auth: publickey: no keys available
2026-07-11 18:52:40: Auth: start: password
2026-07-11 18:52:41: -- Analysis Started by On File Change, After Delay
2026-07-11 18:52:42: Changes: 34, Conflicts: 0, CopyTime: 0, FixState: 0, Errors: 0, All: 4294
2026-07-11 18:52:42: Left to Right: Copy File: 34 
2026-07-11 18:52:42: == Sync Started by On File Change, After Delay
2026-07-11 18:52:42: ConnectCloned connected to file:///~grabacr/VPSsync/01-WorkspaceSync/modelica-shared/CustomLib/WalkingInWorldOfThermoFluid
2026-07-11 18:52:42: ConnectCloned connected to file:///~grabacr/VPSsync/01-WorkspaceSync/modelica-shared/CustomLib/WalkingInWorldOfThermoFluid
2026-07-11 18:52:42: ConnectCloned connected to file:///~grabacr/VPSsync/01-WorkspaceSync/modelica-shared/CustomLib/WalkingInWorldOfThermoFluid
2026-07-11 18:52:42: Server: SSH-2.0-OpenSSH_9.6p1 Ubuntu-3ubuntu13.16
2026-07-11 18:52:42: Server: SSH-2.0-OpenSSH_9.6p1 Ubuntu-3ubuntu13.16
2026-07-11 18:52:42: Server: SSH-2.0-OpenSSH_9.6p1 Ubuntu-3ubuntu13.16
2026-07-11 18:52:42: Server KEXes: sntrup761x25519-sha512@openssh.com,curve25519-sha256,curve25519-sha256@libssh.org,ecdh-sha2-nistp256,ecdh-sha2-nistp384,ecdh-sha2-nistp521,diffie-hellman-group-exchange-sha256,diffie-hellman-group16-sha512,diffie-hellman-group18-sha512,diffie-hellman-group14-sha256,ext-info-s,kex-strict-s-v00@openssh.com
2026-07-11 18:52:42: Server Host Keys: rsa-sha2-512,rsa-sha2-256,ecdsa-sha2-nistp256,ssh-ed25519
2026-07-11 18:52:42: Chosen Host Key: ssh-ed25519
2026-07-11 18:52:42: Ciphers: chacha20-poly1305@openssh.com,aes128-ctr,aes192-ctr,aes256-ctr,aes128-gcm@openssh.com,aes256-gcm@openssh.com
2026-07-11 18:52:42: MACs: umac-64-etm@openssh.com,umac-128-etm@openssh.com,hmac-sha2-256-etm@openssh.com,hmac-sha2-512-etm@openssh.com,hmac-sha1-etm@openssh.com,umac-64@openssh.com,umac-128@openssh.com,hmac-sha2-256,hmac-sha2-512,hmac-sha1
2026-07-11 18:52:42: Server KEXes: sntrup761x25519-sha512@openssh.com,curve25519-sha256,curve25519-sha256@libssh.org,ecdh-sha2-nistp256,ecdh-sha2-nistp384,ecdh-sha2-nistp521,diffie-hellman-group-exchange-sha256,diffie-hellman-group16-sha512,diffie-hellman-group18-sha512,diffie-hellman-group14-sha256,ext-info-s,kex-strict-s-v00@openssh.com
2026-07-11 18:52:42: Server Host Keys: rsa-sha2-512,rsa-sha2-256,ecdsa-sha2-nistp256,ssh-ed25519
2026-07-11 18:52:42: Chosen Host Key: ssh-ed25519
2026-07-11 18:52:42: Ciphers: chacha20-poly1305@openssh.com,aes128-ctr,aes192-ctr,aes256-ctr,aes128-gcm@openssh.com,aes256-gcm@openssh.com
2026-07-11 18:52:42: MACs: umac-64-etm@openssh.com,umac-128-etm@openssh.com,hmac-sha2-256-etm@openssh.com,hmac-sha2-512-etm@openssh.com,hmac-sha1-etm@openssh.com,umac-64@openssh.com,umac-128@openssh.com,hmac-sha2-256,hmac-sha2-512,hmac-sha1
2026-07-11 18:52:42: Server KEXes: sntrup761x25519-sha512@openssh.com,curve25519-sha256,curve25519-sha256@libssh.org,ecdh-sha2-nistp256,ecdh-sha2-nistp384,ecdh-sha2-nistp521,diffie-hellman-group-exchange-sha256,diffie-hellman-group16-sha512,diffie-hellman-group18-sha512,diffie-hellman-group14-sha256,ext-info-s,kex-strict-s-v00@openssh.com
2026-07-11 18:52:42: Server Host Keys: rsa-sha2-512,rsa-sha2-256,ecdsa-sha2-nistp256,ssh-ed25519
2026-07-11 18:52:42: Chosen Host Key: ssh-ed25519
2026-07-11 18:52:42: Ciphers: chacha20-poly1305@openssh.com,aes128-ctr,aes192-ctr,aes256-ctr,aes128-gcm@openssh.com,aes256-gcm@openssh.com
2026-07-11 18:52:42: MACs: umac-64-etm@openssh.com,umac-128-etm@openssh.com,hmac-sha2-256-etm@openssh.com,hmac-sha2-512-etm@openssh.com,hmac-sha1-etm@openssh.com,umac-64@openssh.com,umac-128@openssh.com,hmac-sha2-256,hmac-sha2-512,hmac-sha1
2026-07-11 18:52:42: Server ext-info: publickey-hostbound@openssh.com: 0
2026-07-11 18:52:42: Server ext-info: server-sig-algs: ssh-ed25519,ecdsa-sha2-nistp256,ecdsa-sha2-nistp384,ecdsa-sha2-nistp521,sk-ssh-ed25519@openssh.com,sk-ecdsa-sha2-nistp256@openssh.com,rsa-sha2-512,rsa-sha2-256
2026-07-11 18:52:42: Server ext-info: ping@openssh.com: 0
2026-07-11 18:52:42: Server ext-info: publickey-hostbound@openssh.com: 0
2026-07-11 18:52:42: Server ext-info: server-sig-algs: ssh-ed25519,ecdsa-sha2-nistp256,ecdsa-sha2-nistp384,ecdsa-sha2-nistp521,sk-ssh-ed25519@openssh.com,sk-ecdsa-sha2-nistp256@openssh.com,rsa-sha2-512,rsa-sha2-256
2026-07-11 18:52:42: Server ext-info: ping@openssh.com: 0
2026-07-11 18:52:42: Server ext-info: publickey-hostbound@openssh.com: 0
2026-07-11 18:52:42: Server ext-info: server-sig-algs: ssh-ed25519,ecdsa-sha2-nistp256,ecdsa-sha2-nistp384,ecdsa-sha2-nistp521,sk-ssh-ed25519@openssh.com,sk-ecdsa-sha2-nistp256@openssh.com,rsa-sha2-512,rsa-sha2-256
2026-07-11 18:52:42: Server ext-info: ping@openssh.com: 0
2026-07-11 18:52:42: Auth: start: publickey
2026-07-11 18:52:42: Auth: publickey: no keys available
2026-07-11 18:52:42: Auth: start: password
2026-07-11 18:52:42: Auth: start: publickey
2026-07-11 18:52:42: Auth: start: publickey
2026-07-11 18:52:42: Auth: publickey: no keys available
2026-07-11 18:52:42: Auth: publickey: no keys available
2026-07-11 18:52:42: Auth: start: password
2026-07-11 18:52:42: Auth: start: password
2026-07-11 18:52:43: GsConnectAndSetRoot1 connected to sftp://os3-310-44666.vs.sakura.ne.jp/home/ubuntu/VPSsync/01-WorkspaceSync/modelica-shared/CustomLib/WalkingInWorldOfThermoFluid
2026-07-11 18:52:44: GsConnectAndSetRoot1 connected to sftp://os3-310-44666.vs.sakura.ne.jp/home/ubuntu/VPSsync/01-WorkspaceSync/modelica-shared/CustomLib/WalkingInWorldOfThermoFluid
2026-07-11 18:52:44: GsConnectAndSetRoot1 connected to sftp://os3-310-44666.vs.sakura.ne.jp/home/ubuntu/VPSsync/01-WorkspaceSync/modelica-shared/CustomLib/WalkingInWorldOfThermoFluid
2026-07-11 18:52:44: Copy Over 'C:/Users/grabacr/VPSsync/01-WorkspaceSync/modelica-shared/CustomLib/WalkingInWorldOfThermoFluid/.git/logs/HEAD' -> 'sftp://os3-310-44666.vs.sakura.ne.jp/home/ubuntu/VPSsync/01-WorkspaceSync/modelica-shared/CustomLib/WalkingInWorldOfThermoFluid/.git/logs/HEAD' (30,849)
2026-07-11 18:52:44: Copy Over 'C:/Users/grabacr/VPSsync/01-WorkspaceSync/modelica-shared/CustomLib/WalkingInWorldOfThermoFluid/.git/COMMIT_EDITMSG' -> 'sftp://os3-310-44666.vs.sakura.ne.jp/home/ubuntu/VPSsync/01-WorkspaceSync/modelica-shared/CustomLib/WalkingInWorldOfThermoFluid/.git/COMMIT_EDITMSG' (11)
2026-07-11 18:52:44: Copy Over 'C:/Users/grabacr/VPSsync/01-WorkspaceSync/modelica-shared/CustomLib/WalkingInWorldOfThermoFluid/.git/index' -> 'sftp://os3-310-44666.vs.sakura.ne.jp/home/ubuntu/VPSsync/01-WorkspaceSync/modelica-shared/CustomLib/WalkingInWorldOfThermoFluid/.git/index' (93,441)
2026-07-11 18:52:44: Copy New 'C:/Users/grabacr/VPSsync/01-WorkspaceSync/modelica-shared/CustomLib/WalkingInWorldOfThermoFluid/.git/objects/0d/a71582bec879cdf0692c2db7a95257a52bc5fe' -> 'sftp://os3-310-44666.vs.sakura.ne.jp/home/ubuntu/VPSsync/01-WorkspaceSync/modelica-shared/CustomLib/WalkingInWorldOfThermoFluid/.git/objects/0d/a71582bec879cdf0692c2db7a95257a52bc5fe' (915)
2026-07-11 18:52:44: Copy New 'C:/Users/grabacr/VPSsync/01-WorkspaceSync/modelica-shared/CustomLib/WalkingInWorldOfThermoFluid/.git/objects/18/238cdf29b18a96d363646bde3c9ecee20196bd' -> 'sftp://os3-310-44666.vs.sakura.ne.jp/home/ubuntu/VPSsync/01-WorkspaceSync/modelica-shared/CustomLib/WalkingInWorldOfThermoFluid/.git/objects/18/238cdf29b18a96d363646bde3c9ecee20196bd' (179)
2026-07-11 18:52:44: Copy New 'C:/Users/grabacr/VPSsync/01-WorkspaceSync/modelica-shared/CustomLib/WalkingInWorldOfThermoFluid/.git/objects/21/ee67165838bb17a6aee647a7f865c7fd1f7657' -> 'sftp://os3-310-44666.vs.sakura.ne.jp/home/ubuntu/VPSsync/01-WorkspaceSync/modelica-shared/CustomLib/WalkingInWorldOfThermoFluid/.git/objects/21/ee67165838bb17a6aee647a7f865c7fd1f7657' (874)
2026-07-11 18:52:44: Copy Over 'C:/Users/grabacr/VPSsync/01-WorkspaceSync/modelica-shared/CustomLib/WalkingInWorldOfThermoFluid/.git/logs/refs/heads/master' -> 'sftp://os3-310-44666.vs.sakura.ne.jp/home/ubuntu/VPSsync/01-WorkspaceSync/modelica-shared/CustomLib/WalkingInWorldOfThermoFluid/.git/logs/refs/heads/master' (30,849)
2026-07-11 18:52:45: Copy New 'C:/Users/grabacr/VPSsync/01-WorkspaceSync/modelica-shared/CustomLib/WalkingInWorldOfThermoFluid/.git/objects/18/ad2c113afe22fb3c1b537cc1d794dabfb0ec5f' -> 'sftp://os3-310-44666.vs.sakura.ne.jp/home/ubuntu/VPSsync/01-WorkspaceSync/modelica-shared/CustomLib/WalkingInWorldOfThermoFluid/.git/objects/18/ad2c113afe22fb3c1b537cc1d794dabfb0ec5f' (910)
2026-07-11 18:52:45: Copy New 'C:/Users/grabacr/VPSsync/01-WorkspaceSync/modelica-shared/CustomLib/WalkingInWorldOfThermoFluid/.git/objects/2d/e6a8b2a5977ea7d441b150499bb8df2a181809' -> 'sftp://os3-310-44666.vs.sakura.ne.jp/home/ubuntu/VPSsync/01-WorkspaceSync/modelica-shared/CustomLib/WalkingInWorldOfThermoFluid/.git/objects/2d/e6a8b2a5977ea7d441b150499bb8df2a181809' (876)
2026-07-11 18:52:45: Copy New 'C:/Users/grabacr/VPSsync/01-WorkspaceSync/modelica-shared/CustomLib/WalkingInWorldOfThermoFluid/.git/objects/3c/0f2559b88b6f9d62682a014ca7e5e40ac89986' -> 'sftp://os3-310-44666.vs.sakura.ne.jp/home/ubuntu/VPSsync/01-WorkspaceSync/modelica-shared/CustomLib/WalkingInWorldOfThermoFluid/.git/objects/3c/0f2559b88b6f9d62682a014ca7e5e40ac89986' (7,378)
2026-07-11 18:52:45: Copy New 'C:/Users/grabacr/VPSsync/01-WorkspaceSync/modelica-shared/CustomLib/WalkingInWorldOfThermoFluid/.git/objects/41/aef6806bd87609bee87e9daab39395ed11adff' -> 'sftp://os3-310-44666.vs.sakura.ne.jp/home/ubuntu/VPSsync/01-WorkspaceSync/modelica-shared/CustomLib/WalkingInWorldOfThermoFluid/.git/objects/41/aef6806bd87609bee87e9daab39395ed11adff' (875)
2026-07-11 18:52:45: Copy New 'C:/Users/grabacr/VPSsync/01-WorkspaceSync/modelica-shared/CustomLib/WalkingInWorldOfThermoFluid/.git/objects/51/71e7a95a2f902bdeff62b1555a1314c7f5bf54' -> 'sftp://os3-310-44666.vs.sakura.ne.jp/home/ubuntu/VPSsync/01-WorkspaceSync/modelica-shared/CustomLib/WalkingInWorldOfThermoFluid/.git/objects/51/71e7a95a2f902bdeff62b1555a1314c7f5bf54' (768)
2026-07-11 18:52:45: Copy New 'C:/Users/grabacr/VPSsync/01-WorkspaceSync/modelica-shared/CustomLib/WalkingInWorldOfThermoFluid/.git/objects/57/da39342148de4d15038215f7079f7da9230ac4' -> 'sftp://os3-310-44666.vs.sakura.ne.jp/home/ubuntu/VPSsync/01-WorkspaceSync/modelica-shared/CustomLib/WalkingInWorldOfThermoFluid/.git/objects/57/da39342148de4d15038215f7079f7da9230ac4' (271)
2026-07-11 18:52:45: Copy New 'C:/Users/grabacr/VPSsync/01-WorkspaceSync/modelica-shared/CustomLib/WalkingInWorldOfThermoFluid/.git/objects/59/9fce2527cbafa4b656768fa88022710c0b582a' -> 'sftp://os3-310-44666.vs.sakura.ne.jp/home/ubuntu/VPSsync/01-WorkspaceSync/modelica-shared/CustomLib/WalkingInWorldOfThermoFluid/.git/objects/59/9fce2527cbafa4b656768fa88022710c0b582a' (1,141)
2026-07-11 18:52:45: Copy New 'C:/Users/grabacr/VPSsync/01-WorkspaceSync/modelica-shared/CustomLib/WalkingInWorldOfThermoFluid/.git/objects/60/7235facf261df7782557a43bcda09c3a166e1e' -> 'sftp://os3-310-44666.vs.sakura.ne.jp/home/ubuntu/VPSsync/01-WorkspaceSync/modelica-shared/CustomLib/WalkingInWorldOfThermoFluid/.git/objects/60/7235facf261df7782557a43bcda09c3a166e1e' (875)
2026-07-11 18:52:45: Copy New 'C:/Users/grabacr/VPSsync/01-WorkspaceSync/modelica-shared/CustomLib/WalkingInWorldOfThermoFluid/.git/objects/61/dd1c2817a39d98e70b1972e83682ac7b7028c2' -> 'sftp://os3-310-44666.vs.sakura.ne.jp/home/ubuntu/VPSsync/01-WorkspaceSync/modelica-shared/CustomLib/WalkingInWorldOfThermoFluid/.git/objects/61/dd1c2817a39d98e70b1972e83682ac7b7028c2' (176)
2026-07-11 18:52:45: Copy New 'C:/Users/grabacr/VPSsync/01-WorkspaceSync/modelica-shared/CustomLib/WalkingInWorldOfThermoFluid/.git/objects/68/0c64fe0a05c84c29500fca4305916d8d56b136' -> 'sftp://os3-310-44666.vs.sakura.ne.jp/home/ubuntu/VPSsync/01-WorkspaceSync/modelica-shared/CustomLib/WalkingInWorldOfThermoFluid/.git/objects/68/0c64fe0a05c84c29500fca4305916d8d56b136' (875)
2026-07-11 18:52:45: Copy New 'C:/Users/grabacr/VPSsync/01-WorkspaceSync/modelica-shared/CustomLib/WalkingInWorldOfThermoFluid/.git/objects/7c/5970d46fca77134d0d908286bc7a2c764ef28e' -> 'sftp://os3-310-44666.vs.sakura.ne.jp/home/ubuntu/VPSsync/01-WorkspaceSync/modelica-shared/CustomLib/WalkingInWorldOfThermoFluid/.git/objects/7c/5970d46fca77134d0d908286bc7a2c764ef28e' (484)
2026-07-11 18:52:45: Copy New 'C:/Users/grabacr/VPSsync/01-WorkspaceSync/modelica-shared/CustomLib/WalkingInWorldOfThermoFluid/.git/objects/81/9a08a8fd568c840affcbf86d2fbeb70b2358e9' -> 'sftp://os3-310-44666.vs.sakura.ne.jp/home/ubuntu/VPSsync/01-WorkspaceSync/modelica-shared/CustomLib/WalkingInWorldOfThermoFluid/.git/objects/81/9a08a8fd568c840affcbf86d2fbeb70b2358e9' (204)
2026-07-11 18:52:45: Copy New 'C:/Users/grabacr/VPSsync/01-WorkspaceSync/modelica-shared/CustomLib/WalkingInWorldOfThermoFluid/.git/objects/83/4d94d3132b29258bfd1fd28e643fa37c7180be' -> 'sftp://os3-310-44666.vs.sakura.ne.jp/home/ubuntu/VPSsync/01-WorkspaceSync/modelica-shared/CustomLib/WalkingInWorldOfThermoFluid/.git/objects/83/4d94d3132b29258bfd1fd28e643fa37c7180be' (5,570)
2026-07-11 18:52:45: Copy New 'C:/Users/grabacr/VPSsync/01-WorkspaceSync/modelica-shared/CustomLib/WalkingInWorldOfThermoFluid/.git/objects/9e/81eceddf80e24b3ac0580157090b606fe04808' -> 'sftp://os3-310-44666.vs.sakura.ne.jp/home/ubuntu/VPSsync/01-WorkspaceSync/modelica-shared/CustomLib/WalkingInWorldOfThermoFluid/.git/objects/9e/81eceddf80e24b3ac0580157090b606fe04808' (871)
2026-07-11 18:52:46: Copy New 'C:/Users/grabacr/VPSsync/01-WorkspaceSync/modelica-shared/CustomLib/WalkingInWorldOfThermoFluid/.git/objects/a8/4e01dc08b4db0a23c2bc2d3aed1c3ccb06a289' -> 'sftp://os3-310-44666.vs.sakura.ne.jp/home/ubuntu/VPSsync/01-WorkspaceSync/modelica-shared/CustomLib/WalkingInWorldOfThermoFluid/.git/objects/a8/4e01dc08b4db0a23c2bc2d3aed1c3ccb06a289' (874)
2026-07-11 18:52:46: Copy New 'C:/Users/grabacr/VPSsync/01-WorkspaceSync/modelica-shared/CustomLib/WalkingInWorldOfThermoFluid/.git/objects/b6/fa63d69c2a9580dcbef8c5cd85f76373f7d08a' -> 'sftp://os3-310-44666.vs.sakura.ne.jp/home/ubuntu/VPSsync/01-WorkspaceSync/modelica-shared/CustomLib/WalkingInWorldOfThermoFluid/.git/objects/b6/fa63d69c2a9580dcbef8c5cd85f76373f7d08a' (219)
2026-07-11 18:52:46: Copy New 'C:/Users/grabacr/VPSsync/01-WorkspaceSync/modelica-shared/CustomLib/WalkingInWorldOfThermoFluid/.git/objects/87/fd09b7a267f93474a611d75712def4a92f2202' -> 'sftp://os3-310-44666.vs.sakura.ne.jp/home/ubuntu/VPSsync/01-WorkspaceSync/modelica-shared/CustomLib/WalkingInWorldOfThermoFluid/.git/objects/87/fd09b7a267f93474a611d75712def4a92f2202' (209,907)
2026-07-11 18:52:46: Copy New 'C:/Users/grabacr/VPSsync/01-WorkspaceSync/modelica-shared/CustomLib/WalkingInWorldOfThermoFluid/.git/objects/b7/73182180eba0e9a1437c3e4093be29e64a7fad' -> 'sftp://os3-310-44666.vs.sakura.ne.jp/home/ubuntu/VPSsync/01-WorkspaceSync/modelica-shared/CustomLib/WalkingInWorldOfThermoFluid/.git/objects/b7/73182180eba0e9a1437c3e4093be29e64a7fad' (5,747)
2026-07-11 18:52:46: Copy New 'C:/Users/grabacr/VPSsync/01-WorkspaceSync/modelica-shared/CustomLib/WalkingInWorldOfThermoFluid/.git/objects/be/9e60569cc60e8de93ce43b9778c7aa13da2b62' -> 'sftp://os3-310-44666.vs.sakura.ne.jp/home/ubuntu/VPSsync/01-WorkspaceSync/modelica-shared/CustomLib/WalkingInWorldOfThermoFluid/.git/objects/be/9e60569cc60e8de93ce43b9778c7aa13da2b62' (5,946)
2026-07-11 18:52:46: Copy New 'C:/Users/grabacr/VPSsync/01-WorkspaceSync/modelica-shared/CustomLib/WalkingInWorldOfThermoFluid/.git/objects/ce/80d7fba9da5ae2b84aee4cfd45ea6614756634' -> 'sftp://os3-310-44666.vs.sakura.ne.jp/home/ubuntu/VPSsync/01-WorkspaceSync/modelica-shared/CustomLib/WalkingInWorldOfThermoFluid/.git/objects/ce/80d7fba9da5ae2b84aee4cfd45ea6614756634' (116)
2026-07-11 18:52:46: Copy New 'C:/Users/grabacr/VPSsync/01-WorkspaceSync/modelica-shared/CustomLib/WalkingInWorldOfThermoFluid/.git/objects/d4/133f7cfcf6015dccd24363ecaa107aec4c99b4' -> 'sftp://os3-310-44666.vs.sakura.ne.jp/home/ubuntu/VPSsync/01-WorkspaceSync/modelica-shared/CustomLib/WalkingInWorldOfThermoFluid/.git/objects/d4/133f7cfcf6015dccd24363ecaa107aec4c99b4' (873)
2026-07-11 18:52:46: Copy New 'C:/Users/grabacr/VPSsync/01-WorkspaceSync/modelica-shared/CustomLib/WalkingInWorldOfThermoFluid/.git/objects/db/ce4a6ce9ba06df6e47cfea89d09a760fadb512' -> 'sftp://os3-310-44666.vs.sakura.ne.jp/home/ubuntu/VPSsync/01-WorkspaceSync/modelica-shared/CustomLib/WalkingInWorldOfThermoFluid/.git/objects/db/ce4a6ce9ba06df6e47cfea89d09a760fadb512' (765)
2026-07-11 18:52:46: Copy New 'C:/Users/grabacr/VPSsync/01-WorkspaceSync/modelica-shared/CustomLib/WalkingInWorldOfThermoFluid/.git/objects/f1/d1ffd38300b93e9c09a27c3438a1875c918d61' -> 'sftp://os3-310-44666.vs.sakura.ne.jp/home/ubuntu/VPSsync/01-WorkspaceSync/modelica-shared/CustomLib/WalkingInWorldOfThermoFluid/.git/objects/f1/d1ffd38300b93e9c09a27c3438a1875c918d61' (874)
2026-07-11 18:52:46: Copy New 'C:/Users/grabacr/VPSsync/01-WorkspaceSync/modelica-shared/CustomLib/WalkingInWorldOfThermoFluid/.git/objects/dd/df1302d83875fd98fe8b5b723e639e32b380c4' -> 'sftp://os3-310-44666.vs.sakura.ne.jp/home/ubuntu/VPSsync/01-WorkspaceSync/modelica-shared/CustomLib/WalkingInWorldOfThermoFluid/.git/objects/dd/df1302d83875fd98fe8b5b723e639e32b380c4' (876)
2026-07-11 18:52:46: Copy New 'C:/Users/grabacr/VPSsync/01-WorkspaceSync/modelica-shared/CustomLib/WalkingInWorldOfThermoFluid/.git/objects/ff/dc74e56297fc8b8ec50d892a5e14b788f40539' -> 'sftp://os3-310-44666.vs.sakura.ne.jp/home/ubuntu/VPSsync/01-WorkspaceSync/modelica-shared/CustomLib/WalkingInWorldOfThermoFluid/.git/objects/ff/dc74e56297fc8b8ec50d892a5e14b788f40539' (885)
2026-07-11 18:52:46: Copy Over 'C:/Users/grabacr/VPSsync/01-WorkspaceSync/modelica-shared/CustomLib/WalkingInWorldOfThermoFluid/.git/sourcetreeconfig.json' -> 'sftp://os3-310-44666.vs.sakura.ne.jp/home/ubuntu/VPSsync/01-WorkspaceSync/modelica-shared/CustomLib/WalkingInWorldOfThermoFluid/.git/sourcetreeconfig.json' (868)
2026-07-11 18:52:46: Copy Over 'C:/Users/grabacr/VPSsync/01-WorkspaceSync/modelica-shared/CustomLib/WalkingInWorldOfThermoFluid/.git/refs/heads/master' -> 'sftp://os3-310-44666.vs.sakura.ne.jp/home/ubuntu/VPSsync/01-WorkspaceSync/modelica-shared/CustomLib/WalkingInWorldOfThermoFluid/.git/refs/heads/master' (41)
2026-07-11 18:52:47: Save State File C:/Users/grabacr/VPSsync/01-WorkspaceSync/modelica-shared/CustomLib/WalkingInWorldOfThermoFluid/_gsdata_/_file_state_v4._gs
2026-07-11 18:52:47: Save State File sftp://os3-310-44666.vs.sakura.ne.jp/home/ubuntu/VPSsync/01-WorkspaceSync/modelica-shared/CustomLib/WalkingInWorldOfThermoFluid/_gsdata_/_file_state_v4._gs
2026-07-11 18:52:52: == Sync Complete. Time: 00:00:10, Speed: 99.24 KB/s, OK: 34, Errors: 0
