2026-08-08 14:51:30: Server: SSH-2.0-OpenSSH_9.6p1 Ubuntu-3ubuntu13.18
2026-08-08 14:51:30: Server KEXes: sntrup761x25519-sha512@openssh.com,curve25519-sha256,curve25519-sha256@libssh.org,ecdh-sha2-nistp256,ecdh-sha2-nistp384,ecdh-sha2-nistp521,diffie-hellman-group-exchange-sha256,diffie-hellman-group16-sha512,diffie-hellman-group18-sha512,diffie-hellman-group14-sha256,ext-info-s,kex-strict-s-v00@openssh.com
2026-08-08 14:51:30: Server Host Keys: rsa-sha2-512,rsa-sha2-256,ecdsa-sha2-nistp256,ssh-ed25519
2026-08-08 14:51:30: Chosen Host Key: ssh-ed25519
2026-08-08 14:51:30: Ciphers: chacha20-poly1305@openssh.com,aes128-ctr,aes192-ctr,aes256-ctr,aes128-gcm@openssh.com,aes256-gcm@openssh.com
2026-08-08 14:51:30: MACs: umac-64-etm@openssh.com,umac-128-etm@openssh.com,hmac-sha2-256-etm@openssh.com,hmac-sha2-512-etm@openssh.com,hmac-sha1-etm@openssh.com,umac-64@openssh.com,umac-128@openssh.com,hmac-sha2-256,hmac-sha2-512,hmac-sha1
2026-08-08 14:51:30: Server ext-info: publickey-hostbound@openssh.com: 0
2026-08-08 14:51:30: Server ext-info: server-sig-algs: ssh-ed25519,ecdsa-sha2-nistp256,ecdsa-sha2-nistp384,ecdsa-sha2-nistp521,sk-ssh-ed25519@openssh.com,sk-ecdsa-sha2-nistp256@openssh.com,rsa-sha2-512,rsa-sha2-256
2026-08-08 14:51:30: Server ext-info: ping@openssh.com: 0
2026-08-08 14:51:30: Auth: start: publickey
2026-08-08 14:51:30: Auth: publickey: no keys available
2026-08-08 14:51:30: Auth: start: password
2026-08-08 14:51:32: -- Analysis Started by On File Change First Full Analyze Upon Folder Connect
2026-08-08 14:51:32: L: Reading State File C:/Users/grabacr/VPSsync/01-WorkspaceSync/modelica-shared/CustomLib/WalkingInWorldOfThermoFluid/_gsdata_/_file_state_v4._gs
2026-08-08 14:51:33: R: Reading State File sftp://os3-310-44666.vs.sakura.ne.jp/home/ubuntu/VPSsync/01-WorkspaceSync/modelica-shared/CustomLib/WalkingInWorldOfThermoFluid/_gsdata_/_file_state_v4._gs
2026-08-08 14:52:39: Changes: 1, Conflicts: 0, CopyTime: 0, FixState: 0, Errors: 0, All: 4341
2026-08-08 14:52:39: Left to Right: Copy File: 1 
2026-08-08 14:52:39: == Sync Started by On File Change First Full Analyze Upon Folder Connect
2026-08-08 14:52:39: Start only 1 threads, limited by tasks to run
2026-08-08 14:52:40: Copy Over 'C:/Users/grabacr/VPSsync/01-WorkspaceSync/modelica-shared/CustomLib/WalkingInWorldOfThermoFluid/.git/FETCH_HEAD' -> 'sftp://os3-310-44666.vs.sakura.ne.jp/home/ubuntu/VPSsync/01-WorkspaceSync/modelica-shared/CustomLib/WalkingInWorldOfThermoFluid/.git/FETCH_HEAD' (122)
2026-08-08 14:52:40: Save State File C:/Users/grabacr/VPSsync/01-WorkspaceSync/modelica-shared/CustomLib/WalkingInWorldOfThermoFluid/_gsdata_/_file_state_v4._gs
2026-08-08 14:52:41: Save State File sftp://os3-310-44666.vs.sakura.ne.jp/home/ubuntu/VPSsync/01-WorkspaceSync/modelica-shared/CustomLib/WalkingInWorldOfThermoFluid/_gsdata_/_file_state_v4._gs
2026-08-08 14:52:41: Deleted Recycled: C:/Users/grabacr/VPSsync/01-WorkspaceSync/modelica-shared/CustomLib/WalkingInWorldOfThermoFluid/_gsdata_/_saved_/Hard/RefrigCycleMachine_R134_ex01.mo
2026-08-08 14:52:41: Deleted Recycled: C:/Users/grabacr/VPSsync/01-WorkspaceSync/modelica-shared/CustomLib/WalkingInWorldOfThermoFluid/_gsdata_/_saved_/package.mo
2026-08-08 14:52:41: Deleted Recycled: C:/Users/grabacr/VPSsync/01-WorkspaceSync/modelica-shared/CustomLib/WalkingInWorldOfThermoFluid/_gsdata_/_saved_/package.order
2026-08-08 14:52:41: Deleted Recycled: sftp://os3-310-44666.vs.sakura.ne.jp/home/ubuntu/VPSsync/01-WorkspaceSync/modelica-shared/CustomLib/WalkingInWorldOfThermoFluid/_gsdata_/_saved_/.git/objects/3a/aadf96be25b670186337a3c5402f790e5de4ac
2026-08-08 14:52:41: Deleted Recycled: sftp://os3-310-44666.vs.sakura.ne.jp/home/ubuntu/VPSsync/01-WorkspaceSync/modelica-shared/CustomLib/WalkingInWorldOfThermoFluid/_gsdata_/_saved_/.git/objects/55/6a12b0f5cdd490636a2a02c8f8de7d34d07df3
2026-08-08 14:52:41: Deleted Recycled: sftp://os3-310-44666.vs.sakura.ne.jp/home/ubuntu/VPSsync/01-WorkspaceSync/modelica-shared/CustomLib/WalkingInWorldOfThermoFluid/_gsdata_/_saved_/.git/objects/cb/b7e9a46e8f512455b2607917cb2e1806785c75
2026-08-08 14:52:41: Deleted Recycled: sftp://os3-310-44666.vs.sakura.ne.jp/home/ubuntu/VPSsync/01-WorkspaceSync/modelica-shared/CustomLib/WalkingInWorldOfThermoFluid/_gsdata_/_saved_/.git/objects/d9/bcd0c6918d4b4e302ec5e34d1660dd8210d323
2026-08-08 14:52:41: Deleted Recycled: sftp://os3-310-44666.vs.sakura.ne.jp/home/ubuntu/VPSsync/01-WorkspaceSync/modelica-shared/CustomLib/WalkingInWorldOfThermoFluid/_gsdata_/_saved_/.git/objects/e7/b32df35f058f3ce57cb7439a8bf5b3d8ae3639
2026-08-08 14:52:41: Deleted Recycled: sftp://os3-310-44666.vs.sakura.ne.jp/home/ubuntu/VPSsync/01-WorkspaceSync/modelica-shared/CustomLib/WalkingInWorldOfThermoFluid/_gsdata_/_saved_/.git/objects/fe/415e17c4d074f5fe2fc42ea41c8b635c028c0c
2026-08-08 14:52:41: Deleted Recycled: sftp://os3-310-44666.vs.sakura.ne.jp/home/ubuntu/VPSsync/01-WorkspaceSync/modelica-shared/CustomLib/WalkingInWorldOfThermoFluid/_gsdata_/_saved_/Hard/RefrigCycleMachine_R134_ex01.mo
2026-08-08 14:52:42: Deleted Recycled: sftp://os3-310-44666.vs.sakura.ne.jp/home/ubuntu/VPSsync/01-WorkspaceSync/modelica-shared/CustomLib/WalkingInWorldOfThermoFluid/_gsdata_/_saved_/Hard/RefrigCycleMachine_R134_ex02.mo
2026-08-08 14:52:44: GsDeleteEmptyFoldersFS: /_gsdata_/_saved_/.git/objects/e7
2026-08-08 14:52:44: GsDeleteEmptyFoldersFS: /_gsdata_/_saved_/.git/objects/d9
2026-08-08 14:52:45: GsDeleteEmptyFoldersFS: /_gsdata_/_saved_/.git/objects/cb
2026-08-08 14:52:46: GsDeleteEmptyFoldersFS: /_gsdata_/_saved_/.git/objects/3a
2026-08-08 14:52:46: GsDeleteEmptyFoldersFS: /_gsdata_/_saved_/.git/objects/fe
2026-08-08 14:52:47: GsDeleteEmptyFoldersFS: /_gsdata_/_saved_/.git/objects/55
2026-08-08 14:52:49: == Sync Complete. Time: 00:00:10, Speed: 0.00/s, OK: 1, Errors: 0
